3555	linux-firmware-marvell-git	FETCH_FAILED	`scripts/fetch-aur-pkgbuild.sh linux-firmware-marvell-git` exit 1; snippet: `Cloning into '/tmp/tmp.Pl94ZLOH9q/linux-firmware-marvell-git'... warning: You appear to have cloned an empty repository. hint: Using 'master' as the name for the initial branch. This default branch name hint: is subject ...`; next: verify AUR package name/URL and re-run fetch before recipe drafting.
3556	linux-firmware-qcom-git	FETCH_FAILED	`scripts/fetch-aur-pkgbuild.sh linux-firmware-qcom-git` exit 1; snippet: `Cloning into '/tmp/tmp.IF0sigeHPy/linux-firmware-qcom-git'... warning: You appear to have cloned an empty repository. hint: Using 'master' as the name for the initial branch. This default branch name hint: is subject to ...`; next: verify AUR package name/URL and re-run fetch before recipe drafting.
3557	linux-firmware-liquidio-git	FETCH_FAILED	`scripts/fetch-aur-pkgbuild.sh linux-firmware-liquidio-git` exit 1; snippet: `Cloning into '/tmp/tmp.QScPtHV6E2/linux-firmware-liquidio-git'... warning: You appear to have cloned an empty repository. hint: Using 'master' as the name for the initial branch. This default branch name hint: is subject...`; next: verify AUR package name/URL and re-run fetch before recipe drafting.
3558	linux-firmware-qlogic-git	FETCH_FAILED	`scripts/fetch-aur-pkgbuild.sh linux-firmware-qlogic-git` exit 1; snippet: `Cloning into '/tmp/tmp.5ojtVoHWJh/linux-firmware-qlogic-git'... warning: You appear to have cloned an empty repository. hint: Using 'master' as the name for the initial branch. This default branch name hint: is subject t...`; next: verify AUR package name/URL and re-run fetch before recipe drafting.
3559	linux-firmware-bnx2x-git	FETCH_FAILED	`scripts/fetch-aur-pkgbuild.sh linux-firmware-bnx2x-git` exit 1; snippet: `Cloning into '/tmp/tmp.26n8z4AAcZ/linux-firmware-bnx2x-git'... warning: You appear to have cloned an empty repository. hint: Using 'master' as the name for the initial branch. This default branch name hint: is subject to...`; next: verify AUR package name/URL and re-run fetch before recipe drafting.
3560	sonarr-bin	NEEDS_RECIPE_DESIGN	`scripts/fetch-aur-pkgbuild.sh sonarr-bin` succeeded; PKGBUILD fetched. Next: draft Guix recipe/module and run `guix build -L guix -n <pkg>` + `guix lint -L guix <pkg>`.
3561	rgrc-bin	NEEDS_RECIPE_DESIGN	`scripts/fetch-aur-pkgbuild.sh rgrc-bin` succeeded; PKGBUILD fetched. Next: draft Guix recipe/module and run `guix build -L guix -n <pkg>` + `guix lint -L guix <pkg>`.
3562	koboldcpp-bin	NEEDS_RECIPE_DESIGN	`scripts/fetch-aur-pkgbuild.sh koboldcpp-bin` succeeded; PKGBUILD fetched. Next: draft Guix recipe/module and run `guix build -L guix -n <pkg>` + `guix lint -L guix <pkg>`.
3563	ultimate-doom-builder-git	NEEDS_RECIPE_DESIGN	`scripts/fetch-aur-pkgbuild.sh ultimate-doom-builder-git` succeeded; PKGBUILD fetched. Next: draft Guix recipe/module and run `guix build -L guix -n <pkg>` + `guix lint -L guix <pkg>`.
3564	jitsi-meet-desktop-bin	NEEDS_RECIPE_DESIGN	`scripts/fetch-aur-pkgbuild.sh jitsi-meet-desktop-bin` succeeded; PKGBUILD fetched. Next: draft Guix recipe/module and run `guix build -L guix -n <pkg>` + `guix lint -L guix <pkg>`.
3565	ttf-b612	NEEDS_RECIPE_DESIGN	`scripts/fetch-aur-pkgbuild.sh ttf-b612` succeeded; PKGBUILD fetched. Next: draft Guix recipe/module and run `guix build -L guix -n <pkg>` + `guix lint -L guix <pkg>`.
3566	firefox-esr-bin	NEEDS_RECIPE_DESIGN	`scripts/fetch-aur-pkgbuild.sh firefox-esr-bin` succeeded; PKGBUILD fetched. Next: draft Guix recipe/module and run `guix build -L guix -n <pkg>` + `guix lint -L guix <pkg>`.
3568	resterm-bin	NEEDS_RECIPE_DESIGN	`scripts/fetch-aur-pkgbuild.sh resterm-bin` succeeded; PKGBUILD fetched. Next: draft Guix recipe/module and run `guix build -L guix -n <pkg>` + `guix lint -L guix <pkg>`.
3569	spicetify-themes-git	NEEDS_RECIPE_DESIGN	`scripts/fetch-aur-pkgbuild.sh spicetify-themes-git` succeeded; PKGBUILD fetched. Next: draft Guix recipe/module and run `guix build -L guix -n <pkg>` + `guix lint -L guix <pkg>`.
3570	pidgin-libnotify	NEEDS_RECIPE_DESIGN	`scripts/fetch-aur-pkgbuild.sh pidgin-libnotify` succeeded; PKGBUILD fetched. Next: draft Guix recipe/module and run `guix build -L guix -n <pkg>` + `guix lint -L guix <pkg>`.
3571	trezor-suite-bin	NEEDS_RECIPE_DESIGN	`scripts/fetch-aur-pkgbuild.sh trezor-suite-bin` succeeded; PKGBUILD fetched. Next: draft Guix recipe/module and run `guix build -L guix -n <pkg>` + `guix lint -L guix <pkg>`.
3572	ripdrag	NEEDS_RECIPE_DESIGN	`scripts/fetch-aur-pkgbuild.sh ripdrag` succeeded; PKGBUILD fetched. Next: draft Guix recipe/module and run `guix build -L guix -n <pkg>` + `guix lint -L guix <pkg>`.
3573	elephant-all-bin	FETCH_FAILED	`scripts/fetch-aur-pkgbuild.sh elephant-all-bin` exit 1; snippet: `Cloning into '/tmp/tmp.cxziKXOeb3/elephant-all-bin'... warning: You appear to have cloned an empty repository. hint: Using 'master' as the name for the initial branch. This default branch name hint: is subject to change....`; next: verify AUR package name/URL and re-run fetch before recipe drafting.
3574	elephant-bin	NEEDS_RECIPE_DESIGN	`scripts/fetch-aur-pkgbuild.sh elephant-bin` succeeded; PKGBUILD fetched. Next: draft Guix recipe/module and run `guix build -L guix -n <pkg>` + `guix lint -L guix <pkg>`.
3575	elephant-websearch-bin	FETCH_FAILED	`scripts/fetch-aur-pkgbuild.sh elephant-websearch-bin` exit 1; snippet: `Cloning into '/tmp/tmp.0yHxRjxkCs/elephant-websearch-bin'... warning: You appear to have cloned an empty repository. hint: Using 'master' as the name for the initial branch. This default branch name hint: is subject to c...`; next: verify AUR package name/URL and re-run fetch before recipe drafting.
3576	elephant-unicode-bin	FETCH_FAILED	`scripts/fetch-aur-pkgbuild.sh elephant-unicode-bin` exit 1; snippet: `Cloning into '/tmp/tmp.VO11eLXChp/elephant-unicode-bin'... warning: You appear to have cloned an empty repository. hint: Using 'master' as the name for the initial branch. This default branch name hint: is subject to cha...`; next: verify AUR package name/URL and re-run fetch before recipe drafting.
3577	elephant-todo-bin	FETCH_FAILED	`scripts/fetch-aur-pkgbuild.sh elephant-todo-bin` exit 1; snippet: `Cloning into '/tmp/tmp.hQQUriOOJ6/elephant-todo-bin'... warning: You appear to have cloned an empty repository. hint: Using 'master' as the name for the initial branch. This default branch name hint: is subject to change...`; next: verify AUR package name/URL and re-run fetch before recipe drafting.
3578	elephant-symbols-bin	FETCH_FAILED	`scripts/fetch-aur-pkgbuild.sh elephant-symbols-bin` exit 1; snippet: `Cloning into '/tmp/tmp.CZZjPABr5F/elephant-symbols-bin'... warning: You appear to have cloned an empty repository. hint: Using 'master' as the name for the initial branch. This default branch name hint: is subject to cha...`; next: verify AUR package name/URL and re-run fetch before recipe drafting.
3579	elephant-runner-bin	FETCH_FAILED	`scripts/fetch-aur-pkgbuild.sh elephant-runner-bin` exit 1; snippet: `Cloning into '/tmp/tmp.ARZBAjnsO3/elephant-runner-bin'... warning: You appear to have cloned an empty repository. hint: Using 'master' as the name for the initial branch. This default branch name hint: is subject to chan...`; next: verify AUR package name/URL and re-run fetch before recipe drafting.
3580	elephant-providerlist-bin	FETCH_FAILED	`scripts/fetch-aur-pkgbuild.sh elephant-providerlist-bin` exit 1; snippet: `Cloning into '/tmp/tmp.isFtlowgQI/elephant-providerlist-bin'... warning: You appear to have cloned an empty repository. hint: Using 'master' as the name for the initial branch. This default branch name hint: is subject t...`; next: verify AUR package name/URL and re-run fetch before recipe drafting.
3581	elephant-menus-bin	FETCH_FAILED	`scripts/fetch-aur-pkgbuild.sh elephant-menus-bin` exit 1; snippet: `Cloning into '/tmp/tmp.d8LxU48NGZ/elephant-menus-bin'... warning: You appear to have cloned an empty repository. hint: Using 'master' as the name for the initial branch. This default branch name hint: is subject to chang...`; next: verify AUR package name/URL and re-run fetch before recipe drafting.
3582	elephant-files-bin	FETCH_FAILED	`scripts/fetch-aur-pkgbuild.sh elephant-files-bin` exit 1; snippet: `Cloning into '/tmp/tmp.EGpsG9S7z7/elephant-files-bin'... warning: You appear to have cloned an empty repository. hint: Using 'master' as the name for the initial branch. This default branch name hint: is subject to chang...`; next: verify AUR package name/URL and re-run fetch before recipe drafting.
3583	elephant-desktopapplications-bin	FETCH_FAILED	`scripts/fetch-aur-pkgbuild.sh elephant-desktopapplications-bin` exit 1; snippet: `Cloning into '/tmp/tmp.O1lSUniODI/elephant-desktopapplications-bin'... warning: You appear to have cloned an empty repository. hint: Using 'master' as the name for the initial branch. This default branch name hint: is su...`; next: verify AUR package name/URL and re-run fetch before recipe drafting.
3584	elephant-clipboard-bin	FETCH_FAILED	`scripts/fetch-aur-pkgbuild.sh elephant-clipboard-bin` exit 1; snippet: `Cloning into '/tmp/tmp.P5R01XpXMI/elephant-clipboard-bin'... warning: You appear to have cloned an empty repository. hint: Using 'master' as the name for the initial branch. This default branch name hint: is subject to c...`; next: verify AUR package name/URL and re-run fetch before recipe drafting.
3585	elephant-calc-bin	FETCH_FAILED	`scripts/fetch-aur-pkgbuild.sh elephant-calc-bin` exit 1; snippet: `Cloning into '/tmp/tmp.Xz5r7YSpZq/elephant-calc-bin'... warning: You appear to have cloned an empty repository. hint: Using 'master' as the name for the initial branch. This default branch name hint: is subject to change...`; next: verify AUR package name/URL and re-run fetch before recipe drafting.
3586	elephant-archlinuxpkgs-bin	FETCH_FAILED	`scripts/fetch-aur-pkgbuild.sh elephant-archlinuxpkgs-bin` exit 1; snippet: `Cloning into '/tmp/tmp.tn8SwYQGbC/elephant-archlinuxpkgs-bin'... warning: You appear to have cloned an empty repository. hint: Using 'master' as the name for the initial branch. This default branch name hint: is subject ...`; next: verify AUR package name/URL and re-run fetch before recipe drafting.
3587	elephant-bluetooth-bin	FETCH_FAILED	`scripts/fetch-aur-pkgbuild.sh elephant-bluetooth-bin` exit 1; snippet: `Cloning into '/tmp/tmp.ztX4CAdnXg/elephant-bluetooth-bin'... warning: You appear to have cloned an empty repository. hint: Using 'master' as the name for the initial branch. This default branch name hint: is subject to c...`; next: verify AUR package name/URL and re-run fetch before recipe drafting.
3588	elephant-windows-bin	FETCH_FAILED	`scripts/fetch-aur-pkgbuild.sh elephant-windows-bin` exit 1; snippet: `Cloning into '/tmp/tmp.l1ese09ulh/elephant-windows-bin'... warning: You appear to have cloned an empty repository. hint: Using 'master' as the name for the initial branch. This default branch name hint: is subject to cha...`; next: verify AUR package name/URL and re-run fetch before recipe drafting.
3589	elephant-snippets-bin	FETCH_FAILED	`scripts/fetch-aur-pkgbuild.sh elephant-snippets-bin` exit 1; snippet: `Cloning into '/tmp/tmp.X3g7lkYLHI/elephant-snippets-bin'... warning: You appear to have cloned an empty repository. hint: Using 'master' as the name for the initial branch. This default branch name hint: is subject to ch...`; next: verify AUR package name/URL and re-run fetch before recipe drafting.
3590	elephant-niriactions-bin	FETCH_FAILED	`scripts/fetch-aur-pkgbuild.sh elephant-niriactions-bin` exit 1; snippet: `Cloning into '/tmp/tmp.0igZiUUgGn/elephant-niriactions-bin'... warning: You appear to have cloned an empty repository. hint: Using 'master' as the name for the initial branch. This default branch name hint: is subject to...`; next: verify AUR package name/URL and re-run fetch before recipe drafting.
3591	elephant-nirisessions-bin	FETCH_FAILED	`scripts/fetch-aur-pkgbuild.sh elephant-nirisessions-bin` exit 1; snippet: `Cloning into '/tmp/tmp.fMBieK7orB/elephant-nirisessions-bin'... warning: You appear to have cloned an empty repository. hint: Using 'master' as the name for the initial branch. This default branch name hint: is subject t...`; next: verify AUR package name/URL and re-run fetch before recipe drafting.
3592	elephant-bookmarks-bin	FETCH_FAILED	`scripts/fetch-aur-pkgbuild.sh elephant-bookmarks-bin` exit 1; snippet: `Cloning into '/tmp/tmp.lqyoKtYTQF/elephant-bookmarks-bin'... warning: You appear to have cloned an empty repository. hint: Using 'master' as the name for the initial branch. This default branch name hint: is subject to c...`; next: verify AUR package name/URL and re-run fetch before recipe drafting.
3593	elephant-1password-bin	FETCH_FAILED	`scripts/fetch-aur-pkgbuild.sh elephant-1password-bin` exit 1; snippet: `Cloning into '/tmp/tmp.w4neXhlLpi/elephant-1password-bin'... warning: You appear to have cloned an empty repository. hint: Using 'master' as the name for the initial branch. This default branch name hint: is subject to c...`; next: verify AUR package name/URL and re-run fetch before recipe drafting.
3594	elephant-dnfpackages-bin	FETCH_FAILED	`scripts/fetch-aur-pkgbuild.sh elephant-dnfpackages-bin` exit 1; snippet: `Cloning into '/tmp/tmp.tZIkVZJTNq/elephant-dnfpackages-bin'... warning: You appear to have cloned an empty repository. hint: Using 'master' as the name for the initial branch. This default branch name hint: is subject to...`; next: verify AUR package name/URL and re-run fetch before recipe drafting.
3595	elephant-bitwarden-bin	FETCH_FAILED	`scripts/fetch-aur-pkgbuild.sh elephant-bitwarden-bin` exit 1; snippet: `Cloning into '/tmp/tmp.o7Rsb3eyEi/elephant-bitwarden-bin'... warning: You appear to have cloned an empty repository. hint: Using 'master' as the name for the initial branch. This default branch name hint: is subject to c...`; next: verify AUR package name/URL and re-run fetch before recipe drafting.
3596	elephant-wireplumber-bin	FETCH_FAILED	`scripts/fetch-aur-pkgbuild.sh elephant-wireplumber-bin` exit 1; snippet: `Cloning into '/tmp/tmp.Tgrnay7oOW/elephant-wireplumber-bin'... warning: You appear to have cloned an empty repository. hint: Using 'master' as the name for the initial branch. This default branch name hint: is subject to...`; next: verify AUR package name/URL and re-run fetch before recipe drafting.
3597	makepkg-git-lfs-proto	NEEDS_RECIPE_DESIGN	`scripts/fetch-aur-pkgbuild.sh makepkg-git-lfs-proto` succeeded; PKGBUILD fetched. Next: draft Guix recipe/module and run `guix build -L guix -n <pkg>` + `guix lint -L guix <pkg>`.
3598	gopac-bin	NEEDS_RECIPE_DESIGN	`scripts/fetch-aur-pkgbuild.sh gopac-bin` succeeded; PKGBUILD fetched. Next: draft Guix recipe/module and run `guix build -L guix -n <pkg>` + `guix lint -L guix <pkg>`.
3599	ffstudio-bin	NEEDS_RECIPE_DESIGN	`scripts/fetch-aur-pkgbuild.sh ffstudio-bin` succeeded; PKGBUILD fetched. Next: draft Guix recipe/module and run `guix build -L guix -n <pkg>` + `guix lint -L guix <pkg>`.
3600	grpcurl-bin	NEEDS_RECIPE_DESIGN	`scripts/fetch-aur-pkgbuild.sh grpcurl-bin` succeeded; PKGBUILD fetched. Next: draft Guix recipe/module and run `guix build -L guix -n <pkg>` + `guix lint -L guix <pkg>`.
3601	ibus-mozc-with-jp-dict	FETCH_FAILED	`scripts/fetch-aur-pkgbuild.sh ibus-mozc-with-jp-dict` exit 1; snippet: `Cloning into '/tmp/tmp.jlqwyQGMye/ibus-mozc-with-jp-dict'... warning: You appear to have cloned an empty repository. hint: Using 'master' as the name for the initial branch. This default branch name hint: is subject to c...`; next: verify AUR package name/URL and re-run fetch before recipe drafting.
3602	fcitx5-mozc-with-jp-dict	FETCH_FAILED	`scripts/fetch-aur-pkgbuild.sh fcitx5-mozc-with-jp-dict` exit 1; snippet: `Cloning into '/tmp/tmp.qoW0EKUlA8/fcitx5-mozc-with-jp-dict'... warning: You appear to have cloned an empty repository. hint: Using 'master' as the name for the initial branch. This default branch name hint: is subject to...`; next: verify AUR package name/URL and re-run fetch before recipe drafting.
3603	emacs-mozc-with-jp-dict	FETCH_FAILED	`scripts/fetch-aur-pkgbuild.sh emacs-mozc-with-jp-dict` exit 1; snippet: `Cloning into '/tmp/tmp.qQTOLEcSJf/emacs-mozc-with-jp-dict'... warning: You appear to have cloned an empty repository. hint: Using 'master' as the name for the initial branch. This default branch name hint: is subject to ...`; next: verify AUR package name/URL and re-run fetch before recipe drafting.
3605	libdeep_filter_ladspa-bin	NEEDS_RECIPE_DESIGN	`scripts/fetch-aur-pkgbuild.sh libdeep_filter_ladspa-bin` succeeded; PKGBUILD fetched. Next: draft Guix recipe/module and run `guix build -L guix -n <pkg>` + `guix lint -L guix <pkg>`.
3606	libyang3	NEEDS_RECIPE_DESIGN	`scripts/fetch-aur-pkgbuild.sh libyang3` succeeded; PKGBUILD fetched. Next: draft Guix recipe/module and run `guix build -L guix -n <pkg>` + `guix lint -L guix <pkg>`.
3607	byedpi-bin	NEEDS_RECIPE_DESIGN	`scripts/fetch-aur-pkgbuild.sh byedpi-bin` succeeded; PKGBUILD fetched. Next: draft Guix recipe/module and run `guix build -L guix -n <pkg>` + `guix lint -L guix <pkg>`.
3608	undertalemodtool-bin	NEEDS_RECIPE_DESIGN	`scripts/fetch-aur-pkgbuild.sh undertalemodtool-bin` succeeded; PKGBUILD fetched. Next: draft Guix recipe/module and run `guix build -L guix -n <pkg>` + `guix lint -L guix <pkg>`.
3609	emacs-mozc	NEEDS_RECIPE_DESIGN	`scripts/fetch-aur-pkgbuild.sh emacs-mozc` succeeded; PKGBUILD fetched. Next: draft Guix recipe/module and run `guix build -L guix -n <pkg>` + `guix lint -L guix <pkg>`.
3610	openlist-bin	NEEDS_RECIPE_DESIGN	`scripts/fetch-aur-pkgbuild.sh openlist-bin` succeeded; PKGBUILD fetched. Next: draft Guix recipe/module and run `guix build -L guix -n <pkg>` + `guix lint -L guix <pkg>`.
3611	ttf-paratype	NEEDS_RECIPE_DESIGN	`scripts/fetch-aur-pkgbuild.sh ttf-paratype` succeeded; PKGBUILD fetched. Next: draft Guix recipe/module and run `guix build -L guix -n <pkg>` + `guix lint -L guix <pkg>`.
3612	swaystatus	NEEDS_RECIPE_DESIGN	`scripts/fetch-aur-pkgbuild.sh swaystatus` succeeded; PKGBUILD fetched. Next: draft Guix recipe/module and run `guix build -L guix -n <pkg>` + `guix lint -L guix <pkg>`.
3613	thorium-browser-avx2-bin	NEEDS_RECIPE_DESIGN	`scripts/fetch-aur-pkgbuild.sh thorium-browser-avx2-bin` succeeded; PKGBUILD fetched. Next: draft Guix recipe/module and run `guix build -L guix -n <pkg>` + `guix lint -L guix <pkg>`.
3614	catppuccin-qt5ct-git	NEEDS_RECIPE_DESIGN	`scripts/fetch-aur-pkgbuild.sh catppuccin-qt5ct-git` succeeded; PKGBUILD fetched. Next: draft Guix recipe/module and run `guix build -L guix -n <pkg>` + `guix lint -L guix <pkg>`.
3615	paru-static	NEEDS_RECIPE_DESIGN	`scripts/fetch-aur-pkgbuild.sh paru-static` succeeded; PKGBUILD fetched. Next: draft Guix recipe/module and run `guix build -L guix -n <pkg>` + `guix lint -L guix <pkg>`.
3617	aurto	NEEDS_RECIPE_DESIGN	`scripts/fetch-aur-pkgbuild.sh aurto` succeeded; PKGBUILD fetched. Next: draft Guix recipe/module and run `guix build -L guix -n <pkg>` + `guix lint -L guix <pkg>`.
3618	ttf-pt-astra-sans	FETCH_FAILED	`scripts/fetch-aur-pkgbuild.sh ttf-pt-astra-sans` exit 1; snippet: `Cloning into '/tmp/tmp.oLfgiqs6VG/ttf-pt-astra-sans'... warning: You appear to have cloned an empty repository. hint: Using 'master' as the name for the initial branch. This default branch name hint: is subject to change...`; next: verify AUR package name/URL and re-run fetch before recipe drafting.
3619	ttf-pt-astra-serif	FETCH_FAILED	`scripts/fetch-aur-pkgbuild.sh ttf-pt-astra-serif` exit 1; snippet: `Cloning into '/tmp/tmp.FKUHq5WnMP/ttf-pt-astra-serif'... warning: You appear to have cloned an empty repository. hint: Using 'master' as the name for the initial branch. This default branch name hint: is subject to chang...`; next: verify AUR package name/URL and re-run fetch before recipe drafting.
3620	ttf-pt-mono	FETCH_FAILED	`scripts/fetch-aur-pkgbuild.sh ttf-pt-mono` exit 1; snippet: `Cloning into '/tmp/tmp.ljuacR6I98/ttf-pt-mono'... warning: You appear to have cloned an empty repository. hint: Using 'master' as the name for the initial branch. This default branch name hint: is subject to change. To c...`; next: verify AUR package name/URL and re-run fetch before recipe drafting.
3621	ttf-pt-root_ui	FETCH_FAILED	`scripts/fetch-aur-pkgbuild.sh ttf-pt-root_ui` exit 1; snippet: `Cloning into '/tmp/tmp.hc80gXYcGd/ttf-pt-root_ui'... warning: You appear to have cloned an empty repository. hint: Using 'master' as the name for the initial branch. This default branch name hint: is subject to change. T...`; next: verify AUR package name/URL and re-run fetch before recipe drafting.
3622	ttf-pt-sans	FETCH_FAILED	`scripts/fetch-aur-pkgbuild.sh ttf-pt-sans` exit 1; snippet: `Cloning into '/tmp/tmp.LerzJkWzqa/ttf-pt-sans'... warning: You appear to have cloned an empty repository. hint: Using 'master' as the name for the initial branch. This default branch name hint: is subject to change. To c...`; next: verify AUR package name/URL and re-run fetch before recipe drafting.
3623	ttf-pt-serif	FETCH_FAILED	`scripts/fetch-aur-pkgbuild.sh ttf-pt-serif` exit 1; snippet: `Cloning into '/tmp/tmp.uNTUV3jEUt/ttf-pt-serif'... warning: You appear to have cloned an empty repository. hint: Using 'master' as the name for the initial branch. This default branch name hint: is subject to change. To ...`; next: verify AUR package name/URL and re-run fetch before recipe drafting.
3624	linux-xanmod-lts-linux-bin-x64v3	NEEDS_RECIPE_DESIGN	`scripts/fetch-aur-pkgbuild.sh linux-xanmod-lts-linux-bin-x64v3` succeeded; PKGBUILD fetched. Next: draft Guix recipe/module and run `guix build -L guix -n <pkg>` + `guix lint -L guix <pkg>`.
3625	linux-xanmod-lts-linux-headers-bin-x64v3	FETCH_FAILED	`scripts/fetch-aur-pkgbuild.sh linux-xanmod-lts-linux-headers-bin-x64v3` exit 1; snippet: `Cloning into '/tmp/tmp.fT8JbZb5BS/linux-xanmod-lts-linux-headers-bin-x64v3'... warning: You appear to have cloned an empty repository. hint: Using 'master' as the name for the initial branch. This default branch name hin...`; next: verify AUR package name/URL and re-run fetch before recipe drafting.
3627	boxbuddy	NEEDS_RECIPE_DESIGN	`scripts/fetch-aur-pkgbuild.sh boxbuddy` succeeded; PKGBUILD fetched. Next: draft Guix recipe/module and run `guix build -L guix -n <pkg>` + `guix lint -L guix <pkg>`.
3628	libaribcaption	NEEDS_RECIPE_DESIGN	`scripts/fetch-aur-pkgbuild.sh libaribcaption` succeeded; PKGBUILD fetched. Next: draft Guix recipe/module and run `guix build -L guix -n <pkg>` + `guix lint -L guix <pkg>`.
3629	snipaste	NEEDS_RECIPE_DESIGN	`scripts/fetch-aur-pkgbuild.sh snipaste` succeeded; PKGBUILD fetched. Next: draft Guix recipe/module and run `guix build -L guix -n <pkg>` + `guix lint -L guix <pkg>`.
3630	dooble-bin	NEEDS_RECIPE_DESIGN	`scripts/fetch-aur-pkgbuild.sh dooble-bin` succeeded; PKGBUILD fetched. Next: draft Guix recipe/module and run `guix build -L guix -n <pkg>` + `guix lint -L guix <pkg>`.
3631	linux-xanmod-linux-bin-x64v3	NEEDS_RECIPE_DESIGN	`scripts/fetch-aur-pkgbuild.sh linux-xanmod-linux-bin-x64v3` succeeded; PKGBUILD fetched. Next: draft Guix recipe/module and run `guix build -L guix -n <pkg>` + `guix lint -L guix <pkg>`.
3632	linux-xanmod-linux-headers-bin-x64v3	NEEDS_RECIPE_DESIGN	`scripts/fetch-aur-pkgbuild.sh linux-xanmod-linux-headers-bin-x64v3` succeeded; PKGBUILD fetched. Next: draft Guix recipe/module and run `guix build -L guix -n <pkg>` + `guix lint -L guix <pkg>`.
3633	ladybird-git	NEEDS_RECIPE_DESIGN	`scripts/fetch-aur-pkgbuild.sh ladybird-git` succeeded; PKGBUILD fetched. Next: draft Guix recipe/module and run `guix build -L guix -n <pkg>` + `guix lint -L guix <pkg>`.
3634	awsvpnclient	NEEDS_RECIPE_DESIGN	`scripts/fetch-aur-pkgbuild.sh awsvpnclient` succeeded; PKGBUILD fetched. Next: draft Guix recipe/module and run `guix build -L guix -n <pkg>` + `guix lint -L guix <pkg>`.
3635	auto-mcs-bin	NEEDS_RECIPE_DESIGN	`scripts/fetch-aur-pkgbuild.sh auto-mcs-bin` succeeded; PKGBUILD fetched. Next: draft Guix recipe/module and run `guix build -L guix -n <pkg>` + `guix lint -L guix <pkg>`.
3636	pamac-all	NEEDS_RECIPE_DESIGN	`scripts/fetch-aur-pkgbuild.sh pamac-all` succeeded; PKGBUILD fetched. Next: draft Guix recipe/module and run `guix build -L guix -n <pkg>` + `guix lint -L guix <pkg>`.
3637	libappindicator-gtk2	NEEDS_RECIPE_DESIGN	`scripts/fetch-aur-pkgbuild.sh libappindicator-gtk2` succeeded; PKGBUILD fetched. Next: draft Guix recipe/module and run `guix build -L guix -n <pkg>` + `guix lint -L guix <pkg>`.
3638	beszel-agent-bin	NEEDS_RECIPE_DESIGN	`scripts/fetch-aur-pkgbuild.sh beszel-agent-bin` succeeded; PKGBUILD fetched. Next: draft Guix recipe/module and run `guix build -L guix -n <pkg>` + `guix lint -L guix <pkg>`.
3639	apifox-bin	NEEDS_RECIPE_DESIGN	`scripts/fetch-aur-pkgbuild.sh apifox-bin` succeeded; PKGBUILD fetched. Next: draft Guix recipe/module and run `guix build -L guix -n <pkg>` + `guix lint -L guix <pkg>`.
3640	mcbash	NEEDS_RECIPE_DESIGN	`scripts/fetch-aur-pkgbuild.sh mcbash` succeeded; PKGBUILD fetched. Next: draft Guix recipe/module and run `guix build -L guix -n <pkg>` + `guix lint -L guix <pkg>`.
3641	apipost-bin	NEEDS_RECIPE_DESIGN	`scripts/fetch-aur-pkgbuild.sh apipost-bin` succeeded; PKGBUILD fetched. Next: draft Guix recipe/module and run `guix build -L guix -n <pkg>` + `guix lint -L guix <pkg>`.
3642	bizhawk-bin	NEEDS_RECIPE_DESIGN	`scripts/fetch-aur-pkgbuild.sh bizhawk-bin` succeeded; PKGBUILD fetched. Next: draft Guix recipe/module and run `guix build -L guix -n <pkg>` + `guix lint -L guix <pkg>`.
3643	phoenix-arch	NEEDS_RECIPE_DESIGN	`scripts/fetch-aur-pkgbuild.sh phoenix-arch` succeeded; PKGBUILD fetched. Next: draft Guix recipe/module and run `guix build -L guix -n <pkg>` + `guix lint -L guix <pkg>`.
3644	lazarus-gtk2	NEEDS_RECIPE_DESIGN	`scripts/fetch-aur-pkgbuild.sh lazarus-gtk2` succeeded; PKGBUILD fetched. Next: draft Guix recipe/module and run `guix build -L guix -n <pkg>` + `guix lint -L guix <pkg>`.
3645	lyrionmusicserver	NEEDS_RECIPE_DESIGN	`scripts/fetch-aur-pkgbuild.sh lyrionmusicserver` succeeded; PKGBUILD fetched. Next: draft Guix recipe/module and run `guix build -L guix -n <pkg>` + `guix lint -L guix <pkg>`.
3646	qwhitesurgtkdecorations-qt5	FETCH_FAILED	`scripts/fetch-aur-pkgbuild.sh qwhitesurgtkdecorations-qt5` exit 1; snippet: `Cloning into '/tmp/tmp.plwdwIRdwz/qwhitesurgtkdecorations-qt5'... warning: You appear to have cloned an empty repository. hint: Using 'master' as the name for the initial branch. This default branch name hint: is subject...`; next: verify AUR package name/URL and re-run fetch before recipe drafting.
3647	qwhitesurgtkdecorations-qt6	FETCH_FAILED	`scripts/fetch-aur-pkgbuild.sh qwhitesurgtkdecorations-qt6` exit 1; snippet: `Cloning into '/tmp/tmp.vPgzqcnc5D/qwhitesurgtkdecorations-qt6'... warning: You appear to have cloned an empty repository. hint: Using 'master' as the name for the initial branch. This default branch name hint: is subject...`; next: verify AUR package name/URL and re-run fetch before recipe drafting.
3648	spout2pw-bin	NEEDS_RECIPE_DESIGN	`scripts/fetch-aur-pkgbuild.sh spout2pw-bin` succeeded; PKGBUILD fetched. Next: draft Guix recipe/module and run `guix build -L guix -n <pkg>` + `guix lint -L guix <pkg>`.
3649	geforce-infinity-bin	NEEDS_RECIPE_DESIGN	`scripts/fetch-aur-pkgbuild.sh geforce-infinity-bin` succeeded; PKGBUILD fetched. Next: draft Guix recipe/module and run `guix build -L guix -n <pkg>` + `guix lint -L guix <pkg>`.
3650	python-openrgb	NEEDS_RECIPE_DESIGN	`scripts/fetch-aur-pkgbuild.sh python-openrgb` succeeded; PKGBUILD fetched. Next: draft Guix recipe/module and run `guix build -L guix -n <pkg>` + `guix lint -L guix <pkg>`.
3651	fuzzel-dmenu-dropin	NEEDS_RECIPE_DESIGN	`scripts/fetch-aur-pkgbuild.sh fuzzel-dmenu-dropin` succeeded; PKGBUILD fetched. Next: draft Guix recipe/module and run `guix build -L guix -n <pkg>` + `guix lint -L guix <pkg>`.
3652	lian-bin	NEEDS_RECIPE_DESIGN	`scripts/fetch-aur-pkgbuild.sh lian-bin` succeeded; PKGBUILD fetched. Next: draft Guix recipe/module and run `guix build -L guix -n <pkg>` + `guix lint -L guix <pkg>`.
3653	crabdrop-bin	NEEDS_RECIPE_DESIGN	`scripts/fetch-aur-pkgbuild.sh crabdrop-bin` succeeded; PKGBUILD fetched. Next: draft Guix recipe/module and run `guix build -L guix -n <pkg>` + `guix lint -L guix <pkg>`.
3654	battinfo-git	NEEDS_RECIPE_DESIGN	`scripts/fetch-aur-pkgbuild.sh battinfo-git` succeeded; PKGBUILD fetched. Next: draft Guix recipe/module and run `guix build -L guix -n <pkg>` + `guix lint -L guix <pkg>`.
3655	peel-git	NEEDS_RECIPE_DESIGN	`scripts/fetch-aur-pkgbuild.sh peel-git` succeeded; PKGBUILD fetched. Next: draft Guix recipe/module and run `guix build -L guix -n <pkg>` + `guix lint -L guix <pkg>`.
3656	opentoonz-git	NEEDS_RECIPE_DESIGN	`scripts/fetch-aur-pkgbuild.sh opentoonz-git` succeeded; PKGBUILD fetched. Next: draft Guix recipe/module and run `guix build -L guix -n <pkg>` + `guix lint -L guix <pkg>`.
3657	codenomad-bin	NEEDS_RECIPE_DESIGN	`scripts/fetch-aur-pkgbuild.sh codenomad-bin` succeeded; PKGBUILD fetched. Next: draft Guix recipe/module and run `guix build -L guix -n <pkg>` + `guix lint -L guix <pkg>`.
3658	models-bin	NEEDS_RECIPE_DESIGN	`scripts/fetch-aur-pkgbuild.sh models-bin` succeeded; PKGBUILD fetched. Next: draft Guix recipe/module and run `guix build -L guix -n <pkg>` + `guix lint -L guix <pkg>`.
