error: specification->package: unbound variable
hint: Did you forget `(use-modules (gnu packages))' or `#:use-module (gnu
packages)'?

error: specification->package: unbound variable
hint: Did you forget `(use-modules (gnu packages))' or `#:use-module (gnu
packages)'?

error: specification->package: unbound variable
hint: Did you forget `(use-modules (gnu packages))' or `#:use-module (gnu
packages)'?

guix lint: warning: failed to load '(gaurix packages queue-20260323p100c-blocked-notes)':
guix/gaurix/packages/queue-20260323p100c-blocked-notes.scm:76:91: invalid character in escape sequence: #\'
error: specification->package: unbound variable
hint: Did you forget `(use-modules (gnu packages))' or `#:use-module (gnu
packages)'?

error: specification->package: unbound variable
hint: Did you forget `(use-modules (gnu packages))' or `#:use-module (gnu
packages)'?

guix lint: warning: source expression failed to match any pattern
error: specification->package: unbound variable
hint: Did you forget `(use-modules (gnu packages))' or `#:use-module (gnu
packages)'?

error: specification->package: unbound variable
hint: Did you forget `(use-modules (gnu packages))' or `#:use-module (gnu
packages)'?

guix lint: warning: source expression failed to match any pattern
guix lint: warning: source expression failed to match any pattern
guix lint: warning: source expression failed to match any pattern
error: r-r-rsp: unbound variable
hint: Did you forget `(use-modules (gnu packages statistics))' or `#:use-module
(gnu packages statistics)'?

guix lint: error: godots: unknown package
guix lint: warning: failed to load '(gaurix packages queue-20260330p100daily5)':
guix lint: warning: failed to load '(gaurix packages queue-20260322p100)':
Wrong number of arguments to #<procedure display-error (_ _ _ _ _ _)>
error: protoc-gen-go-grpc: unbound variable
hint: Did you forget `(use-modules (gnu packages golang-web))' or `#:use-module
(gnu packages golang-web)'?

guix lint: error: grepcidr: unknown package
