error: specification->package: unbound variable
hint: Did you forget `(use-modules (gnu packages))' or `#:use-module (gnu
packages)'?

error: specification->package: unbound variable
hint: Did you forget `(use-modules (gnu packages))' or `#:use-module (gnu
packages)'?

error: specification->package: unbound variable
hint: Did you forget `(use-modules (gnu packages))' or `#:use-module (gnu
packages)'?

guix lint: warning: failed to load '(gaurix packages queue-20260323p100c-blocked-notes)':
guix/gaurix/packages/queue-20260323p100c-blocked-notes.scm:76:91: invalid character in escape sequence: #\'
error: protoc-gen-go-grpc: unbound variable
hint: Did you forget `(use-modules (gnu packages golang-web))' or `#:use-module
(gnu packages golang-web)'?

guix/gaurix/packages/queue-20260329p100daily4.scm:112:2: tramp@0.9.8: proposed synopsis: "Transparent Remote Access, Multiple Protocol GNU Emacs package"

guix/gaurix/packages/queue-20260329p100daily4.scm:112:2: tramp@0.9.8: proposed description:
     "TRAMP is a GNU Emacs package that allows you to access files on remote
machines as though they were local files.  This includes editing files,
performing version control tasks and modifying directory contents with
`dired'.  Access is performed via ssh, rsh, rlogin, telnet or other similar
methods."

guix lint: warning: failed to load '(guix import nuget)':
no code for module (semver)
Backtrace:
In ice-9/boot-9.scm:
  1752:10 18 (with-exception-handler _ _ #:unwind? _ # _)
In unknown file:
          17 (apply-smob/0 #<thunk 7f6b363d42a0>)
In ice-9/boot-9.scm:
    724:2 16 (call-with-prompt _ _ #<procedure default-prompt-handle…>)
In ice-9/eval.scm:
    619:8 15 (_ #(#(#<directory (guile-user) 7f6b363d9c80>)))
In guix/ui.scm:
   2399:7 14 (run-guix . _)
  2362:10 13 (run-guix-command _ . _)
In ice-9/boot-9.scm:
  1752:10 12 (with-exception-handler _ _ #:unwind? _ # _)
  1752:10 11 (with-exception-handler _ _ #:unwind? _ # _)
In guix/store.scm:
   690:37 10 (thunk)
In srfi/srfi-1.scm:
    634:9  9 (for-each #<procedure 7f6b1bd950e0 at guix/scripts/lin…> …)
In guix/scripts/lint.scm:
     65:4  8 (run-checkers _ _ #:store _)
In srfi/srfi-1.scm:
    634:9  7 (for-each #<procedure 7f6b19395a50 at guix/scripts/lin…> …)
In guix/scripts/lint.scm:
    74:21  6 (_ _)
In guix/lint.scm:
   1717:5  5 (check-for-updates #<package tramp@0.9.8 guix/gaurix/pa…>)
    943:2  4 (call-with-networking-fail-safe _ _ _)
In ice-9/boot-9.scm:
  1752:10  3 (with-exception-handler _ _ #:unwind? _ # _)
  1685:16  2 (raise-exception _ #:continuable? _)
  1683:16  1 (raise-exception _ #:continuable? _)
  1685:16  0 (raise-exception _ #:continuable? _)

ice-9/boot-9.scm:1685:16: In procedure raise-exception:
Module named (semver ranges) does not exist
