3451	reminduck	NEEDS_RECIPE_DESIGN
3452	pv-migrate-bin	NEEDS_RECIPE_DESIGN
3453	msdf-atlas-gen	NEEDS_RECIPE_DESIGN
3454	recaf	NEEDS_RECIPE_DESIGN
3455	pipette-desktop-bin	NEEDS_RECIPE_DESIGN
3456	displaylink-connect	NEEDS_RECIPE_DESIGN
3457	omnidotdev-terminal	NEEDS_RECIPE_DESIGN
3458	omnidotdev-terminal-bin	NEEDS_RECIPE_DESIGN
3459	pkl-bin	NEEDS_RECIPE_DESIGN
3460	nonicons-license-git	FETCH_FAILED
3461	nonicons-doc-git	FETCH_FAILED
3462	ttf-nonicons-bin-git	FETCH_FAILED
3463	woff-nonicons-bin-git	FETCH_FAILED
3464	python-rofi-git	NEEDS_RECIPE_DESIGN
3465	sxhkhm-git	NEEDS_RECIPE_DESIGN
3466	shiru.lv2-git	NEEDS_RECIPE_DESIGN
3467	gnuclad	NEEDS_RECIPE_DESIGN
3469	flameget	NEEDS_RECIPE_DESIGN
3470	credentialsd	NEEDS_RECIPE_DESIGN
3471	firefox-extension-credentialsd	FETCH_FAILED
3472	termflix-bin	NEEDS_RECIPE_DESIGN
3473	polymath	NEEDS_RECIPE_DESIGN
3474	python-htmlgenerator	NEEDS_RECIPE_DESIGN
3475	toad-ai	NEEDS_RECIPE_DESIGN
3476	dodo-bin	NEEDS_RECIPE_DESIGN
3477	elyprismlauncher-bin	NEEDS_RECIPE_DESIGN
3478	tanin-git	NEEDS_RECIPE_DESIGN
3479	loliashizuku-git	NEEDS_RECIPE_DESIGN
3480	oopz	NEEDS_RECIPE_DESIGN
3481	lianpkg-gui-bin	NEEDS_RECIPE_DESIGN
3482	gb-studio-bin	NEEDS_RECIPE_DESIGN
3483	freetype2-qdoled-gen3	NEEDS_RECIPE_DESIGN
3484	brother-dcpj132w	NEEDS_RECIPE_DESIGN
3485	fishnet-bin	NEEDS_RECIPE_DESIGN
3486	harbour-amazfish-git	NEEDS_RECIPE_DESIGN
3487	mateengine	NEEDS_RECIPE_DESIGN
3488	the_platinum_searcher-bin	NEEDS_RECIPE_DESIGN
3489	pwmenu-git	NEEDS_RECIPE_DESIGN
3490	kvm-configurator	NEEDS_RECIPE_DESIGN
3491	velo-bin	NEEDS_RECIPE_DESIGN
3492	argo-bin	NEEDS_RECIPE_DESIGN
3493	myapps	NEEDS_RECIPE_DESIGN
3494	plasma-weather-plus	NEEDS_RECIPE_DESIGN
3495	spredit	NEEDS_RECIPE_DESIGN
3496	swaycons	NEEDS_RECIPE_DESIGN
3497	pixelorama-git	NEEDS_RECIPE_DESIGN
3498	fairy-stockfish	NEEDS_RECIPE_DESIGN
3499	bsd-leave	NEEDS_RECIPE_DESIGN
3500	openmarch-bin	NEEDS_RECIPE_DESIGN
3501	gh-enhance-bin	NEEDS_RECIPE_DESIGN
3502	pacviz	NEEDS_RECIPE_DESIGN
3503	ttf-chocolate-classical-sans	NEEDS_RECIPE_DESIGN
3504	binauralplayer	NEEDS_RECIPE_DESIGN
3505	chataigne-stable-bin	NEEDS_RECIPE_DESIGN
3506	couik-bin	NEEDS_RECIPE_DESIGN
3507	ttylag-bin	NEEDS_RECIPE_DESIGN
3508	fitui-bin	NEEDS_RECIPE_DESIGN
3509	neovim-later	NEEDS_RECIPE_DESIGN
3510	shortwave-mpris-bin	NEEDS_RECIPE_DESIGN
3511	adb-gui-kit-bin	NEEDS_RECIPE_DESIGN
3512	webtunnel-client-bin	NEEDS_RECIPE_DESIGN
3513	struct-bin	NEEDS_RECIPE_DESIGN
3514	nekot-bin	NEEDS_RECIPE_DESIGN
3515	zgrab2	NEEDS_RECIPE_DESIGN
3516	ut2004-data-gog	NEEDS_RECIPE_DESIGN
3517	ut2004-data-steam	NEEDS_RECIPE_DESIGN
3518	unreal-tournament-data-archiveorg	NEEDS_RECIPE_DESIGN
3519	unreal-tournament-data-gog	NEEDS_RECIPE_DESIGN
3520	unreal-tournament-data-steam	NEEDS_RECIPE_DESIGN
3521	dotctl	NEEDS_RECIPE_DESIGN
3522	haproxy-awslc	NEEDS_RECIPE_DESIGN
3523	nucleus-shell	NEEDS_RECIPE_DESIGN
3524	steamfetch-bin	NEEDS_RECIPE_DESIGN
3525	aeolus-next-clap-bin	FETCH_FAILED
3526	aeolus-next-lv2-bin	FETCH_FAILED
3527	aeolus-next-standalone-bin	FETCH_FAILED
3528	aeolus-next-vst3-bin	FETCH_FAILED
3529	nordic-darker-standard-buttons-theme-git	NEEDS_RECIPE_DESIGN
3530	stremio-enhanced-bin	NEEDS_RECIPE_DESIGN
3531	openlinkhub-bin	NEEDS_RECIPE_DESIGN
3532	plasma6-wallpapers-smart-video-wallpaper-reborn-git	NEEDS_RECIPE_DESIGN
3533	dotstate-bin	NEEDS_RECIPE_DESIGN
3534	zigmir-bin	NEEDS_RECIPE_DESIGN
3535	tonelib-gfx-bin	NEEDS_RECIPE_DESIGN
3536	ferrite-bin	NEEDS_RECIPE_DESIGN
3537	jn-bin	NEEDS_RECIPE_DESIGN
3540	npm-corepack	FETCH_FAILED
3541	yarn-corepack	FETCH_FAILED
3542	pnpm-corepack	FETCH_FAILED
3543	hytale-downloader-bin	NEEDS_RECIPE_DESIGN
3545	distroav	NEEDS_RECIPE_DESIGN
3546	kubefwd-bin	NEEDS_RECIPE_DESIGN
3547	capacities-appimage	NEEDS_RECIPE_DESIGN
3548	flclash-bin	NEEDS_RECIPE_DESIGN
3549	worktrunk-bin	NEEDS_RECIPE_DESIGN
3550	linux-firmware-whence-git	FETCH_FAILED
3551	linux-firmware-git	NEEDS_RECIPE_DESIGN
3552	amd-ucode-git	FETCH_FAILED
3553	linux-firmware-nfp-git	FETCH_FAILED
3554	linux-firmware-mellanox-git	FETCH_FAILED
