=== lib32-libxxf86dga ===
error: specification->package: unbound variable
hint: Did you forget `(use-modules (gnu packages))' or `#:use-module (gnu
packages)'?

error: specification->package: unbound variable
hint: Did you forget `(use-modules (gnu packages))' or `#:use-module (gnu
packages)'?

error: specification->package: unbound variable
hint: Did you forget `(use-modules (gnu packages))' or `#:use-module (gnu
packages)'?

guix lint: warning: failed to load '(gaurix packages queue-20260323p100c-blocked-notes)':
guix/gaurix/packages/queue-20260323p100c-blocked-notes.scm:76:91: invalid character in escape sequence: #\'
error: protoc-gen-go-grpc: unbound variable
hint: Did you forget `(use-modules (gnu packages golang-web))' or `#:use-module
(gnu packages golang-web)'?

guix lint: warning: failed to load '(guix import nuget)':
no code for module (semver)
Backtrace:
In ice-9/boot-9.scm:
  1752:10 18 (with-exception-handler _ _ #:unwind? _ # _)
In unknown file:
          17 (apply-smob/0 #<thunk 7f17b57bb2a0>)
In ice-9/boot-9.scm:
    724:2 16 (call-with-prompt _ _ #<procedure default-prompt-handle…>)
In ice-9/eval.scm:
    619:8 15 (_ #(#(#<directory (guile-user) 7f17b57c0c80>)))
In guix/ui.scm:
   2399:7 14 (run-guix . _)
  2362:10 13 (run-guix-command _ . _)
In ice-9/boot-9.scm:
  1752:10 12 (with-exception-handler _ _ #:unwind? _ # _)
  1752:10 11 (with-exception-handler _ _ #:unwind? _ # _)
In guix/store.scm:
   690:37 10 (thunk)
In srfi/srfi-1.scm:
    634:9  9 (for-each #<procedure 7f179b59b400 at guix/scripts/lin…> …)
In guix/scripts/lint.scm:
     65:4  8 (run-checkers _ _ #:store _)
In srfi/srfi-1.scm:
    634:9  7 (for-each #<procedure 7f1797a0adb0 at guix/scripts/lin…> …)
In guix/scripts/lint.scm:
    74:21  6 (_ _)
In guix/lint.scm:
   1717:5  5 (check-for-updates #<package lib32-libxxf86dga@0.9.8 gu…>)
    943:2  4 (call-with-networking-fail-safe _ _ _)
In ice-9/boot-9.scm:
  1752:10  3 (with-exception-handler _ _ #:unwind? _ # _)
  1685:16  2 (raise-exception _ #:continuable? _)
  1683:16  1 (raise-exception _ #:continuable? _)
  1685:16  0 (raise-exception _ #:continuable? _)

ice-9/boot-9.scm:1685:16: In procedure raise-exception:
Module named (semver ranges) does not exist
LINT_FAIL lib32-libxxf86dga

=== mf-cli ===
error: specification->package: unbound variable
hint: Did you forget `(use-modules (gnu packages))' or `#:use-module (gnu
packages)'?

error: specification->package: unbound variable
hint: Did you forget `(use-modules (gnu packages))' or `#:use-module (gnu
packages)'?

error: specification->package: unbound variable
hint: Did you forget `(use-modules (gnu packages))' or `#:use-module (gnu
packages)'?

guix lint: warning: failed to load '(gaurix packages queue-20260323p100c-blocked-notes)':
guix/gaurix/packages/queue-20260323p100c-blocked-notes.scm:76:91: invalid character in escape sequence: #\'
error: protoc-gen-go-grpc: unbound variable
hint: Did you forget `(use-modules (gnu packages golang-web))' or `#:use-module
(gnu packages golang-web)'?

guix lint: warning: failed to load '(guix import nuget)':
no code for module (semver)
Backtrace:
In ice-9/boot-9.scm:
  1752:10 18 (with-exception-handler _ _ #:unwind? _ # _)
In unknown file:
          17 (apply-smob/0 #<thunk 7efef81c72a0>)
In ice-9/boot-9.scm:
    724:2 16 (call-with-prompt _ _ #<procedure default-prompt-handle…>)
In ice-9/eval.scm:
    619:8 15 (_ #(#(#<directory (guile-user) 7efef81ccc80>)))
In guix/ui.scm:
   2399:7 14 (run-guix . _)
  2362:10 13 (run-guix-command _ . _)
In ice-9/boot-9.scm:
  1752:10 12 (with-exception-handler _ _ #:unwind? _ # _)
  1752:10 11 (with-exception-handler _ _ #:unwind? _ # _)
In guix/store.scm:
   690:37 10 (thunk)
In srfi/srfi-1.scm:
    634:9  9 (for-each #<procedure 7efede3bca80 at guix/scripts/lin…> …)
In guix/scripts/lint.scm:
     65:4  8 (run-checkers _ _ #:store _)
In srfi/srfi-1.scm:
    634:9  7 (for-each #<procedure 7efeda739780 at guix/scripts/lin…> …)
In guix/scripts/lint.scm:
    74:21  6 (_ _)
In guix/lint.scm:
   1717:5  5 (check-for-updates #<package mf-cli@0.9.8 guix/gaurix/p…>)
    943:2  4 (call-with-networking-fail-safe _ _ _)
In ice-9/boot-9.scm:
  1752:10  3 (with-exception-handler _ _ #:unwind? _ # _)
  1685:16  2 (raise-exception _ #:continuable? _)
  1683:16  1 (raise-exception _ #:continuable? _)
  1685:16  0 (raise-exception _ #:continuable? _)

ice-9/boot-9.scm:1685:16: In procedure raise-exception:
Module named (semver ranges) does not exist
LINT_FAIL mf-cli

=== leakdice-rust-git ===
error: specification->package: unbound variable
hint: Did you forget `(use-modules (gnu packages))' or `#:use-module (gnu
packages)'?

error: specification->package: unbound variable
hint: Did you forget `(use-modules (gnu packages))' or `#:use-module (gnu
packages)'?

error: specification->package: unbound variable
hint: Did you forget `(use-modules (gnu packages))' or `#:use-module (gnu
packages)'?

guix lint: warning: failed to load '(gaurix packages queue-20260323p100c-blocked-notes)':
guix/gaurix/packages/queue-20260323p100c-blocked-notes.scm:76:91: invalid character in escape sequence: #\'
error: protoc-gen-go-grpc: unbound variable
hint: Did you forget `(use-modules (gnu packages golang-web))' or `#:use-module
(gnu packages golang-web)'?

guix lint: warning: failed to load '(guix import nuget)':
no code for module (semver)
Backtrace:
In ice-9/boot-9.scm:
  1752:10 18 (with-exception-handler _ _ #:unwind? _ # _)
In unknown file:
          17 (apply-smob/0 #<thunk 7fa260ca32a0>)
In ice-9/boot-9.scm:
    724:2 16 (call-with-prompt _ _ #<procedure default-prompt-handle…>)
In ice-9/eval.scm:
    619:8 15 (_ #(#(#<directory (guile-user) 7fa260ca8c80>)))
In guix/ui.scm:
   2399:7 14 (run-guix . _)
  2362:10 13 (run-guix-command _ . _)
In ice-9/boot-9.scm:
  1752:10 12 (with-exception-handler _ _ #:unwind? _ # _)
  1752:10 11 (with-exception-handler _ _ #:unwind? _ # _)
In guix/store.scm:
   690:37 10 (thunk)
In srfi/srfi-1.scm:
    634:9  9 (for-each #<procedure 7fa246a1b4e0 at guix/scripts/lin…> …)
In guix/scripts/lint.scm:
     65:4  8 (run-checkers _ _ #:store _)
In srfi/srfi-1.scm:
    634:9  7 (for-each #<procedure 7fa242e8d630 at guix/scripts/lin…> …)
In guix/scripts/lint.scm:
    74:21  6 (_ _)
In guix/lint.scm:
   1717:5  5 (check-for-updates #<package leakdice-rust-git@0.9.8 gu…>)
    943:2  4 (call-with-networking-fail-safe _ _ _)
In ice-9/boot-9.scm:
  1752:10  3 (with-exception-handler _ _ #:unwind? _ # _)
  1685:16  2 (raise-exception _ #:continuable? _)
  1683:16  1 (raise-exception _ #:continuable? _)
  1685:16  0 (raise-exception _ #:continuable? _)

ice-9/boot-9.scm:1685:16: In procedure raise-exception:
Module named (semver ranges) does not exist
LINT_FAIL leakdice-rust-git

=== gimp-plugin-gmic-git ===
error: specification->package: unbound variable
hint: Did you forget `(use-modules (gnu packages))' or `#:use-module (gnu
packages)'?

error: specification->package: unbound variable
hint: Did you forget `(use-modules (gnu packages))' or `#:use-module (gnu
packages)'?

error: specification->package: unbound variable
hint: Did you forget `(use-modules (gnu packages))' or `#:use-module (gnu
packages)'?

guix lint: warning: failed to load '(gaurix packages queue-20260323p100c-blocked-notes)':
guix/gaurix/packages/queue-20260323p100c-blocked-notes.scm:76:91: invalid character in escape sequence: #\'
error: protoc-gen-go-grpc: unbound variable
hint: Did you forget `(use-modules (gnu packages golang-web))' or `#:use-module
(gnu packages golang-web)'?

guix lint: warning: failed to load '(guix import nuget)':
no code for module (semver)
Backtrace:
In ice-9/boot-9.scm:
  1752:10 18 (with-exception-handler _ _ #:unwind? _ # _)
In unknown file:
          17 (apply-smob/0 #<thunk 7fa6361be2a0>)
In ice-9/boot-9.scm:
    724:2 16 (call-with-prompt _ _ #<procedure default-prompt-handle…>)
In ice-9/eval.scm:
    619:8 15 (_ #(#(#<directory (guile-user) 7fa6361c3c80>)))
In guix/ui.scm:
   2399:7 14 (run-guix . _)
  2362:10 13 (run-guix-command _ . _)
In ice-9/boot-9.scm:
  1752:10 12 (with-exception-handler _ _ #:unwind? _ # _)
  1752:10 11 (with-exception-handler _ _ #:unwind? _ # _)
In guix/store.scm:
   690:37 10 (thunk)
In srfi/srfi-1.scm:
    634:9  9 (for-each #<procedure 7fa61be56c60 at guix/scripts/lin…> …)
In guix/scripts/lint.scm:
     65:4  8 (run-checkers _ _ #:store _)
In srfi/srfi-1.scm:
    634:9  7 (for-each #<procedure 7fa6188344e0 at guix/scripts/lin…> …)
In guix/scripts/lint.scm:
    74:21  6 (_ _)
In guix/lint.scm:
   1717:5  5 (check-for-updates #<package gimp-plugin-gmic-git@0.9.8…>)
    943:2  4 (call-with-networking-fail-safe _ _ _)
In ice-9/boot-9.scm:
  1752:10  3 (with-exception-handler _ _ #:unwind? _ # _)
  1685:16  2 (raise-exception _ #:continuable? _)
  1683:16  1 (raise-exception _ #:continuable? _)
  1685:16  0 (raise-exception _ #:continuable? _)

ice-9/boot-9.scm:1685:16: In procedure raise-exception:
Module named (semver ranges) does not exist
LINT_FAIL gimp-plugin-gmic-git

=== gomu ===
error: specification->package: unbound variable
hint: Did you forget `(use-modules (gnu packages))' or `#:use-module (gnu
packages)'?

error: specification->package: unbound variable
hint: Did you forget `(use-modules (gnu packages))' or `#:use-module (gnu
packages)'?

error: specification->package: unbound variable
hint: Did you forget `(use-modules (gnu packages))' or `#:use-module (gnu
packages)'?

guix lint: warning: failed to load '(gaurix packages queue-20260323p100c-blocked-notes)':
guix/gaurix/packages/queue-20260323p100c-blocked-notes.scm:76:91: invalid character in escape sequence: #\'
error: protoc-gen-go-grpc: unbound variable
hint: Did you forget `(use-modules (gnu packages golang-web))' or `#:use-module
(gnu packages golang-web)'?

guix lint: warning: failed to load '(guix import nuget)':
no code for module (semver)
Backtrace:
In ice-9/boot-9.scm:
  1752:10 18 (with-exception-handler _ _ #:unwind? _ # _)
In unknown file:
          17 (apply-smob/0 #<thunk 7fc86a03f2a0>)
In ice-9/boot-9.scm:
    724:2 16 (call-with-prompt _ _ #<procedure default-prompt-handle…>)
In ice-9/eval.scm:
    619:8 15 (_ #(#(#<directory (guile-user) 7fc86a044c80>)))
In guix/ui.scm:
   2399:7 14 (run-guix . _)
  2362:10 13 (run-guix-command _ . _)
In ice-9/boot-9.scm:
  1752:10 12 (with-exception-handler _ _ #:unwind? _ # _)
  1752:10 11 (with-exception-handler _ _ #:unwind? _ # _)
In guix/store.scm:
   690:37 10 (thunk)
In srfi/srfi-1.scm:
    634:9  9 (for-each #<procedure 7fc84fe44bc0 at guix/scripts/lin…> …)
In guix/scripts/lint.scm:
     65:4  8 (run-checkers _ _ #:store _)
In srfi/srfi-1.scm:
    634:9  7 (for-each #<procedure 7fc84c1d2bd0 at guix/scripts/lin…> …)
In guix/scripts/lint.scm:
    74:21  6 (_ _)
In guix/lint.scm:
   1717:5  5 (check-for-updates #<package gomu@0.9.8 guix/gaurix/pac…>)
    943:2  4 (call-with-networking-fail-safe _ _ _)
In ice-9/boot-9.scm:
  1752:10  3 (with-exception-handler _ _ #:unwind? _ # _)
  1685:16  2 (raise-exception _ #:continuable? _)
  1683:16  1 (raise-exception _ #:continuable? _)
  1685:16  0 (raise-exception _ #:continuable? _)

ice-9/boot-9.scm:1685:16: In procedure raise-exception:
Module named (semver ranges) does not exist
LINT_FAIL gomu

=== ps7_libps2000 ===
error: specification->package: unbound variable
hint: Did you forget `(use-modules (gnu packages))' or `#:use-module (gnu
packages)'?

error: specification->package: unbound variable
hint: Did you forget `(use-modules (gnu packages))' or `#:use-module (gnu
packages)'?

error: specification->package: unbound variable
hint: Did you forget `(use-modules (gnu packages))' or `#:use-module (gnu
packages)'?

guix lint: warning: failed to load '(gaurix packages queue-20260323p100c-blocked-notes)':
guix/gaurix/packages/queue-20260323p100c-blocked-notes.scm:76:91: invalid character in escape sequence: #\'
error: protoc-gen-go-grpc: unbound variable
hint: Did you forget `(use-modules (gnu packages golang-web))' or `#:use-module
(gnu packages golang-web)'?

guix/gaurix/packages/queue-20260329p100daily2.scm:142:2: ps7_libps2000@0.9.8: name should use hyphens instead of underscores
guix lint: warning: failed to load '(guix import nuget)':
no code for module (semver)
Backtrace:
In ice-9/boot-9.scm:
  1752:10 18 (with-exception-handler _ _ #:unwind? _ # _)
In unknown file:
          17 (apply-smob/0 #<thunk 7f7d2c0512a0>)
In ice-9/boot-9.scm:
    724:2 16 (call-with-prompt _ _ #<procedure default-prompt-handle…>)
In ice-9/eval.scm:
    619:8 15 (_ #(#(#<directory (guile-user) 7f7d2c056c80>)))
In guix/ui.scm:
   2399:7 14 (run-guix . _)
  2362:10 13 (run-guix-command _ . _)
In ice-9/boot-9.scm:
  1752:10 12 (with-exception-handler _ _ #:unwind? _ # _)
  1752:10 11 (with-exception-handler _ _ #:unwind? _ # _)
In guix/store.scm:
   690:37 10 (thunk)
In srfi/srfi-1.scm:
    634:9  9 (for-each #<procedure 7f7d11e13ea0 at guix/scripts/lin…> …)
In guix/scripts/lint.scm:
     65:4  8 (run-checkers _ _ #:store _)
In srfi/srfi-1.scm:
    634:9  7 (for-each #<procedure 7f7d134ab510 at guix/scripts/lin…> …)
In guix/scripts/lint.scm:
    74:21  6 (_ _)
In guix/lint.scm:
   1717:5  5 (check-for-updates #<package ps7_libps2000@0.9.8 guix/g…>)
    943:2  4 (call-with-networking-fail-safe _ _ _)
In ice-9/boot-9.scm:
  1752:10  3 (with-exception-handler _ _ #:unwind? _ # _)
  1685:16  2 (raise-exception _ #:continuable? _)
  1683:16  1 (raise-exception _ #:continuable? _)
  1685:16  0 (raise-exception _ #:continuable? _)

ice-9/boot-9.scm:1685:16: In procedure raise-exception:
Module named (semver ranges) does not exist
LINT_FAIL ps7_libps2000

=== ps7_libps2000a ===
error: specification->package: unbound variable
hint: Did you forget `(use-modules (gnu packages))' or `#:use-module (gnu
packages)'?

error: specification->package: unbound variable
hint: Did you forget `(use-modules (gnu packages))' or `#:use-module (gnu
packages)'?

error: specification->package: unbound variable
hint: Did you forget `(use-modules (gnu packages))' or `#:use-module (gnu
packages)'?

guix lint: warning: failed to load '(gaurix packages queue-20260323p100c-blocked-notes)':
guix/gaurix/packages/queue-20260323p100c-blocked-notes.scm:76:91: invalid character in escape sequence: #\'
error: protoc-gen-go-grpc: unbound variable
hint: Did you forget `(use-modules (gnu packages golang-web))' or `#:use-module
(gnu packages golang-web)'?

guix/gaurix/packages/queue-20260329p100daily2.scm:148:2: ps7_libps2000a@0.9.8: name should use hyphens instead of underscores
guix lint: warning: failed to load '(guix import nuget)':
no code for module (semver)
Backtrace:
In ice-9/boot-9.scm:
  1752:10 18 (with-exception-handler _ _ #:unwind? _ # _)
In unknown file:
          17 (apply-smob/0 #<thunk 7f2fc92302a0>)
In ice-9/boot-9.scm:
    724:2 16 (call-with-prompt _ _ #<procedure default-prompt-handle…>)
In ice-9/eval.scm:
    619:8 15 (_ #(#(#<directory (guile-user) 7f2fc9235c80>)))
In guix/ui.scm:
   2399:7 14 (run-guix . _)
  2362:10 13 (run-guix-command _ . _)
In ice-9/boot-9.scm:
  1752:10 12 (with-exception-handler _ _ #:unwind? _ # _)
  1752:10 11 (with-exception-handler _ _ #:unwind? _ # _)
In guix/store.scm:
   690:37 10 (thunk)
In srfi/srfi-1.scm:
    634:9  9 (for-each #<procedure 7f2faec2c940 at guix/scripts/lin…> …)
In guix/scripts/lint.scm:
     65:4  8 (run-checkers _ _ #:store _)
In srfi/srfi-1.scm:
    634:9  7 (for-each #<procedure 7f2faef095a0 at guix/scripts/lin…> …)
In guix/scripts/lint.scm:
    74:21  6 (_ _)
In guix/lint.scm:
   1717:5  5 (check-for-updates #<package ps7_libps2000a@0.9.8 guix/…>)
    943:2  4 (call-with-networking-fail-safe _ _ _)
In ice-9/boot-9.scm:
  1752:10  3 (with-exception-handler _ _ #:unwind? _ # _)
  1685:16  2 (raise-exception _ #:continuable? _)
  1683:16  1 (raise-exception _ #:continuable? _)
  1685:16  0 (raise-exception _ #:continuable? _)

ice-9/boot-9.scm:1685:16: In procedure raise-exception:
Module named (semver ranges) does not exist
LINT_FAIL ps7_libps2000a

=== ps7_libps4000 ===
error: specification->package: unbound variable
hint: Did you forget `(use-modules (gnu packages))' or `#:use-module (gnu
packages)'?

error: specification->package: unbound variable
hint: Did you forget `(use-modules (gnu packages))' or `#:use-module (gnu
packages)'?

error: specification->package: unbound variable
hint: Did you forget `(use-modules (gnu packages))' or `#:use-module (gnu
packages)'?

guix lint: warning: failed to load '(gaurix packages queue-20260323p100c-blocked-notes)':
guix/gaurix/packages/queue-20260323p100c-blocked-notes.scm:76:91: invalid character in escape sequence: #\'
error: protoc-gen-go-grpc: unbound variable
hint: Did you forget `(use-modules (gnu packages golang-web))' or `#:use-module
(gnu packages golang-web)'?

guix/gaurix/packages/queue-20260329p100daily2.scm:154:2: ps7_libps4000@0.9.8: name should use hyphens instead of underscores
guix lint: warning: failed to load '(guix import nuget)':
no code for module (semver)
Backtrace:
In ice-9/boot-9.scm:
  1752:10 18 (with-exception-handler _ _ #:unwind? _ # _)
In unknown file:
          17 (apply-smob/0 #<thunk 7f496e9672a0>)
In ice-9/boot-9.scm:
    724:2 16 (call-with-prompt _ _ #<procedure default-prompt-handle…>)
In ice-9/eval.scm:
    619:8 15 (_ #(#(#<directory (guile-user) 7f496e96cc80>)))
In guix/ui.scm:
   2399:7 14 (run-guix . _)
  2362:10 13 (run-guix-command _ . _)
In ice-9/boot-9.scm:
  1752:10 12 (with-exception-handler _ _ #:unwind? _ # _)
  1752:10 11 (with-exception-handler _ _ #:unwind? _ # _)
In guix/store.scm:
   690:37 10 (thunk)
In srfi/srfi-1.scm:
    634:9  9 (for-each #<procedure 7f49545d5a80 at guix/scripts/lin…> …)
In guix/scripts/lint.scm:
     65:4  8 (run-checkers _ _ #:store _)
In srfi/srfi-1.scm:
    634:9  7 (for-each #<procedure 7f4950fc2930 at guix/scripts/lin…> …)
In guix/scripts/lint.scm:
    74:21  6 (_ _)
In guix/lint.scm:
   1717:5  5 (check-for-updates #<package ps7_libps4000@0.9.8 guix/g…>)
    943:2  4 (call-with-networking-fail-safe _ _ _)
In ice-9/boot-9.scm:
  1752:10  3 (with-exception-handler _ _ #:unwind? _ # _)
  1685:16  2 (raise-exception _ #:continuable? _)
  1683:16  1 (raise-exception _ #:continuable? _)
  1685:16  0 (raise-exception _ #:continuable? _)

ice-9/boot-9.scm:1685:16: In procedure raise-exception:
Module named (semver ranges) does not exist
LINT_FAIL ps7_libps4000

=== ps7_libps3000a ===
error: specification->package: unbound variable
hint: Did you forget `(use-modules (gnu packages))' or `#:use-module (gnu
packages)'?

error: specification->package: unbound variable
hint: Did you forget `(use-modules (gnu packages))' or `#:use-module (gnu
packages)'?

error: specification->package: unbound variable
hint: Did you forget `(use-modules (gnu packages))' or `#:use-module (gnu
packages)'?

guix lint: warning: failed to load '(gaurix packages queue-20260323p100c-blocked-notes)':
guix/gaurix/packages/queue-20260323p100c-blocked-notes.scm:76:91: invalid character in escape sequence: #\'
error: protoc-gen-go-grpc: unbound variable
hint: Did you forget `(use-modules (gnu packages golang-web))' or `#:use-module
(gnu packages golang-web)'?

guix/gaurix/packages/queue-20260329p100daily2.scm:160:2: ps7_libps3000a@0.9.8: name should use hyphens instead of underscores
guix lint: warning: failed to load '(guix import nuget)':
no code for module (semver)
Backtrace:
In ice-9/boot-9.scm:
  1752:10 18 (with-exception-handler _ _ #:unwind? _ # _)
In unknown file:
          17 (apply-smob/0 #<thunk 7fe7769702a0>)
In ice-9/boot-9.scm:
    724:2 16 (call-with-prompt _ _ #<procedure default-prompt-handle…>)
In ice-9/eval.scm:
    619:8 15 (_ #(#(#<directory (guile-user) 7fe776975c80>)))
In guix/ui.scm:
   2399:7 14 (run-guix . _)
  2362:10 13 (run-guix-command _ . _)
In ice-9/boot-9.scm:
  1752:10 12 (with-exception-handler _ _ #:unwind? _ # _)
  1752:10 11 (with-exception-handler _ _ #:unwind? _ # _)
In guix/store.scm:
   690:37 10 (thunk)
In srfi/srfi-1.scm:
    634:9  9 (for-each #<procedure 7fe75cbfa6e0 at guix/scripts/lin…> …)
In guix/scripts/lint.scm:
     65:4  8 (run-checkers _ _ #:store _)
In srfi/srfi-1.scm:
    634:9  7 (for-each #<procedure 7fe75cc3d240 at guix/scripts/lin…> …)
In guix/scripts/lint.scm:
    74:21  6 (_ _)
In guix/lint.scm:
   1717:5  5 (check-for-updates #<package ps7_libps3000a@0.9.8 guix/…>)
    943:2  4 (call-with-networking-fail-safe _ _ _)
In ice-9/boot-9.scm:
  1752:10  3 (with-exception-handler _ _ #:unwind? _ # _)
  1685:16  2 (raise-exception _ #:continuable? _)
  1683:16  1 (raise-exception _ #:continuable? _)
  1685:16  0 (raise-exception _ #:continuable? _)

ice-9/boot-9.scm:1685:16: In procedure raise-exception:
Module named (semver ranges) does not exist
LINT_FAIL ps7_libps3000a

=== ps7_libps3000 ===
error: specification->package: unbound variable
hint: Did you forget `(use-modules (gnu packages))' or `#:use-module (gnu
packages)'?

error: specification->package: unbound variable
hint: Did you forget `(use-modules (gnu packages))' or `#:use-module (gnu
packages)'?

error: specification->package: unbound variable
hint: Did you forget `(use-modules (gnu packages))' or `#:use-module (gnu
packages)'?

guix lint: warning: failed to load '(gaurix packages queue-20260323p100c-blocked-notes)':
guix/gaurix/packages/queue-20260323p100c-blocked-notes.scm:76:91: invalid character in escape sequence: #\'
error: protoc-gen-go-grpc: unbound variable
hint: Did you forget `(use-modules (gnu packages golang-web))' or `#:use-module
(gnu packages golang-web)'?

guix/gaurix/packages/queue-20260329p100daily2.scm:166:2: ps7_libps3000@0.9.8: name should use hyphens instead of underscores
guix lint: warning: failed to load '(guix import nuget)':
no code for module (semver)
Backtrace:
In ice-9/boot-9.scm:
  1752:10 18 (with-exception-handler _ _ #:unwind? _ # _)
In unknown file:
          17 (apply-smob/0 #<thunk 7fcd7c1c72a0>)
In ice-9/boot-9.scm:
    724:2 16 (call-with-prompt _ _ #<procedure default-prompt-handle…>)
In ice-9/eval.scm:
    619:8 15 (_ #(#(#<directory (guile-user) 7fcd7c1ccc80>)))
In guix/ui.scm:
   2399:7 14 (run-guix . _)
  2362:10 13 (run-guix-command _ . _)
In ice-9/boot-9.scm:
  1752:10 12 (with-exception-handler _ _ #:unwind? _ # _)
  1752:10 11 (with-exception-handler _ _ #:unwind? _ # _)
In guix/store.scm:
   690:37 10 (thunk)
In srfi/srfi-1.scm:
    634:9  9 (for-each #<procedure 7fcd61e32680 at guix/scripts/lin…> …)
In guix/scripts/lint.scm:
     65:4  8 (run-checkers _ _ #:store _)
In srfi/srfi-1.scm:
    634:9  7 (for-each #<procedure 7fcd60f07d80 at guix/scripts/lin…> …)
In guix/scripts/lint.scm:
    74:21  6 (_ _)
In guix/lint.scm:
   1717:5  5 (check-for-updates #<package ps7_libps3000@0.9.8 guix/g…>)
    943:2  4 (call-with-networking-fail-safe _ _ _)
In ice-9/boot-9.scm:
  1752:10  3 (with-exception-handler _ _ #:unwind? _ # _)
  1685:16  2 (raise-exception _ #:continuable? _)
  1683:16  1 (raise-exception _ #:continuable? _)
  1685:16  0 (raise-exception _ #:continuable? _)

ice-9/boot-9.scm:1685:16: In procedure raise-exception:
Module named (semver ranges) does not exist
LINT_FAIL ps7_libps3000

=== ps7_libps5000a ===
error: specification->package: unbound variable
hint: Did you forget `(use-modules (gnu packages))' or `#:use-module (gnu
packages)'?

error: specification->package: unbound variable
hint: Did you forget `(use-modules (gnu packages))' or `#:use-module (gnu
packages)'?

error: specification->package: unbound variable
hint: Did you forget `(use-modules (gnu packages))' or `#:use-module (gnu
packages)'?

guix lint: warning: failed to load '(gaurix packages queue-20260323p100c-blocked-notes)':
guix/gaurix/packages/queue-20260323p100c-blocked-notes.scm:76:91: invalid character in escape sequence: #\'
error: protoc-gen-go-grpc: unbound variable
hint: Did you forget `(use-modules (gnu packages golang-web))' or `#:use-module
(gnu packages golang-web)'?

guix/gaurix/packages/queue-20260329p100daily2.scm:172:2: ps7_libps5000a@0.9.8: name should use hyphens instead of underscores
guix lint: warning: failed to load '(guix import nuget)':
no code for module (semver)
Backtrace:
In ice-9/boot-9.scm:
  1752:10 18 (with-exception-handler _ _ #:unwind? _ # _)
In unknown file:
          17 (apply-smob/0 #<thunk 7f857ce162a0>)
In ice-9/boot-9.scm:
    724:2 16 (call-with-prompt _ _ #<procedure default-prompt-handle…>)
In ice-9/eval.scm:
    619:8 15 (_ #(#(#<directory (guile-user) 7f857ce1bc80>)))
In guix/ui.scm:
   2399:7 14 (run-guix . _)
  2362:10 13 (run-guix-command _ . _)
In ice-9/boot-9.scm:
  1752:10 12 (with-exception-handler _ _ #:unwind? _ # _)
  1752:10 11 (with-exception-handler _ _ #:unwind? _ # _)
In guix/store.scm:
   690:37 10 (thunk)
In srfi/srfi-1.scm:
    634:9  9 (for-each #<procedure 7f856285a360 at guix/scripts/lin…> …)
In guix/scripts/lint.scm:
     65:4  8 (run-checkers _ _ #:store _)
In srfi/srfi-1.scm:
    634:9  7 (for-each #<procedure 7f8564510840 at guix/scripts/lin…> …)
In guix/scripts/lint.scm:
    74:21  6 (_ _)
In guix/lint.scm:
   1717:5  5 (check-for-updates #<package ps7_libps5000a@0.9.8 guix/…>)
    943:2  4 (call-with-networking-fail-safe _ _ _)
In ice-9/boot-9.scm:
  1752:10  3 (with-exception-handler _ _ #:unwind? _ # _)
  1685:16  2 (raise-exception _ #:continuable? _)
  1683:16  1 (raise-exception _ #:continuable? _)
  1685:16  0 (raise-exception _ #:continuable? _)

ice-9/boot-9.scm:1685:16: In procedure raise-exception:
Module named (semver ranges) does not exist
LINT_FAIL ps7_libps5000a

=== ps7_libps5000 ===
error: specification->package: unbound variable
hint: Did you forget `(use-modules (gnu packages))' or `#:use-module (gnu
packages)'?

error: specification->package: unbound variable
hint: Did you forget `(use-modules (gnu packages))' or `#:use-module (gnu
packages)'?

error: specification->package: unbound variable
hint: Did you forget `(use-modules (gnu packages))' or `#:use-module (gnu
packages)'?

guix lint: warning: failed to load '(gaurix packages queue-20260323p100c-blocked-notes)':
guix/gaurix/packages/queue-20260323p100c-blocked-notes.scm:76:91: invalid character in escape sequence: #\'
error: protoc-gen-go-grpc: unbound variable
hint: Did you forget `(use-modules (gnu packages golang-web))' or `#:use-module
(gnu packages golang-web)'?

guix/gaurix/packages/queue-20260329p100daily2.scm:178:2: ps7_libps5000@0.9.8: name should use hyphens instead of underscores
guix lint: warning: failed to load '(guix import nuget)':
no code for module (semver)
Backtrace:
In ice-9/boot-9.scm:
  1752:10 18 (with-exception-handler _ _ #:unwind? _ # _)
In unknown file:
          17 (apply-smob/0 #<thunk 7fee8ef5c2a0>)
In ice-9/boot-9.scm:
    724:2 16 (call-with-prompt _ _ #<procedure default-prompt-handle…>)
In ice-9/eval.scm:
    619:8 15 (_ #(#(#<directory (guile-user) 7fee8ef61c80>)))
In guix/ui.scm:
   2399:7 14 (run-guix . _)
  2362:10 13 (run-guix-command _ . _)
In ice-9/boot-9.scm:
  1752:10 12 (with-exception-handler _ _ #:unwind? _ # _)
  1752:10 11 (with-exception-handler _ _ #:unwind? _ # _)
In guix/store.scm:
   690:37 10 (thunk)
In srfi/srfi-1.scm:
    634:9  9 (for-each #<procedure 7fee74f4ed80 at guix/scripts/lin…> …)
In guix/scripts/lint.scm:
     65:4  8 (run-checkers _ _ #:store _)
In srfi/srfi-1.scm:
    634:9  7 (for-each #<procedure 7fee758f4030 at guix/scripts/lin…> …)
In guix/scripts/lint.scm:
    74:21  6 (_ _)
In guix/lint.scm:
   1717:5  5 (check-for-updates #<package ps7_libps5000@0.9.8 guix/g…>)
    943:2  4 (call-with-networking-fail-safe _ _ _)
In ice-9/boot-9.scm:
  1752:10  3 (with-exception-handler _ _ #:unwind? _ # _)
  1685:16  2 (raise-exception _ #:continuable? _)
  1683:16  1 (raise-exception _ #:continuable? _)
  1685:16  0 (raise-exception _ #:continuable? _)

ice-9/boot-9.scm:1685:16: In procedure raise-exception:
Module named (semver ranges) does not exist
LINT_FAIL ps7_libps5000

=== ps7_libps4000a ===
error: specification->package: unbound variable
hint: Did you forget `(use-modules (gnu packages))' or `#:use-module (gnu
packages)'?

error: specification->package: unbound variable
hint: Did you forget `(use-modules (gnu packages))' or `#:use-module (gnu
packages)'?

error: specification->package: unbound variable
hint: Did you forget `(use-modules (gnu packages))' or `#:use-module (gnu
packages)'?

guix lint: warning: failed to load '(gaurix packages queue-20260323p100c-blocked-notes)':
guix/gaurix/packages/queue-20260323p100c-blocked-notes.scm:76:91: invalid character in escape sequence: #\'
error: protoc-gen-go-grpc: unbound variable
hint: Did you forget `(use-modules (gnu packages golang-web))' or `#:use-module
(gnu packages golang-web)'?

guix/gaurix/packages/queue-20260329p100daily2.scm:184:2: ps7_libps4000a@0.9.8: name should use hyphens instead of underscores
guix lint: warning: failed to load '(guix import nuget)':
no code for module (semver)
Backtrace:
In ice-9/boot-9.scm:
  1752:10 18 (with-exception-handler _ _ #:unwind? _ # _)
In unknown file:
          17 (apply-smob/0 #<thunk 7fe4167672a0>)
In ice-9/boot-9.scm:
    724:2 16 (call-with-prompt _ _ #<procedure default-prompt-handle…>)
In ice-9/eval.scm:
    619:8 15 (_ #(#(#<directory (guile-user) 7fe41676cc80>)))
In guix/ui.scm:
   2399:7 14 (run-guix . _)
  2362:10 13 (run-guix-command _ . _)
In ice-9/boot-9.scm:
  1752:10 12 (with-exception-handler _ _ #:unwind? _ # _)
  1752:10 11 (with-exception-handler _ _ #:unwind? _ # _)
In guix/store.scm:
   690:37 10 (thunk)
In srfi/srfi-1.scm:
    634:9  9 (for-each #<procedure 7fe3fc770240 at guix/scripts/lin…> …)
In guix/scripts/lint.scm:
     65:4  8 (run-checkers _ _ #:store _)
In srfi/srfi-1.scm:
    634:9  7 (for-each #<procedure 7fe3fdb51090 at guix/scripts/lin…> …)
In guix/scripts/lint.scm:
    74:21  6 (_ _)
In guix/lint.scm:
   1717:5  5 (check-for-updates #<package ps7_libps4000a@0.9.8 guix/…>)
    943:2  4 (call-with-networking-fail-safe _ _ _)
In ice-9/boot-9.scm:
  1752:10  3 (with-exception-handler _ _ #:unwind? _ # _)
  1685:16  2 (raise-exception _ #:continuable? _)
  1683:16  1 (raise-exception _ #:continuable? _)
  1685:16  0 (raise-exception _ #:continuable? _)

ice-9/boot-9.scm:1685:16: In procedure raise-exception:
Module named (semver ranges) does not exist
LINT_FAIL ps7_libps4000a

=== ps7_libps6000 ===
error: specification->package: unbound variable
hint: Did you forget `(use-modules (gnu packages))' or `#:use-module (gnu
packages)'?

error: specification->package: unbound variable
hint: Did you forget `(use-modules (gnu packages))' or `#:use-module (gnu
packages)'?

error: specification->package: unbound variable
hint: Did you forget `(use-modules (gnu packages))' or `#:use-module (gnu
packages)'?

guix lint: warning: failed to load '(gaurix packages queue-20260323p100c-blocked-notes)':
guix/gaurix/packages/queue-20260323p100c-blocked-notes.scm:76:91: invalid character in escape sequence: #\'
error: protoc-gen-go-grpc: unbound variable
hint: Did you forget `(use-modules (gnu packages golang-web))' or `#:use-module
(gnu packages golang-web)'?

guix/gaurix/packages/queue-20260329p100daily2.scm:190:2: ps7_libps6000@0.9.8: name should use hyphens instead of underscores
guix lint: warning: failed to load '(guix import nuget)':
no code for module (semver)
Backtrace:
In ice-9/boot-9.scm:
  1752:10 18 (with-exception-handler _ _ #:unwind? _ # _)
In unknown file:
          17 (apply-smob/0 #<thunk 7fe30ef1b2a0>)
In ice-9/boot-9.scm:
    724:2 16 (call-with-prompt _ _ #<procedure default-prompt-handle…>)
In ice-9/eval.scm:
    619:8 15 (_ #(#(#<directory (guile-user) 7fe30ef20c80>)))
In guix/ui.scm:
   2399:7 14 (run-guix . _)
  2362:10 13 (run-guix-command _ . _)
In ice-9/boot-9.scm:
  1752:10 12 (with-exception-handler _ _ #:unwind? _ # _)
  1752:10 11 (with-exception-handler _ _ #:unwind? _ # _)
In guix/store.scm:
   690:37 10 (thunk)
In srfi/srfi-1.scm:
    634:9  9 (for-each #<procedure 7fe2f4f16f00 at guix/scripts/lin…> …)
In guix/scripts/lint.scm:
     65:4  8 (run-checkers _ _ #:store _)
In srfi/srfi-1.scm:
    634:9  7 (for-each #<procedure 7fe2f3f808d0 at guix/scripts/lin…> …)
In guix/scripts/lint.scm:
    74:21  6 (_ _)
In guix/lint.scm:
   1717:5  5 (check-for-updates #<package ps7_libps6000@0.9.8 guix/g…>)
    943:2  4 (call-with-networking-fail-safe _ _ _)
In ice-9/boot-9.scm:
  1752:10  3 (with-exception-handler _ _ #:unwind? _ # _)
  1685:16  2 (raise-exception _ #:continuable? _)
  1683:16  1 (raise-exception _ #:continuable? _)
  1685:16  0 (raise-exception _ #:continuable? _)

ice-9/boot-9.scm:1685:16: In procedure raise-exception:
Module named (semver ranges) does not exist
LINT_FAIL ps7_libps6000

=== ps7_libusbtc08 ===
error: specification->package: unbound variable
hint: Did you forget `(use-modules (gnu packages))' or `#:use-module (gnu
packages)'?

error: specification->package: unbound variable
hint: Did you forget `(use-modules (gnu packages))' or `#:use-module (gnu
packages)'?

error: specification->package: unbound variable
hint: Did you forget `(use-modules (gnu packages))' or `#:use-module (gnu
packages)'?

guix lint: warning: failed to load '(gaurix packages queue-20260323p100c-blocked-notes)':
guix/gaurix/packages/queue-20260323p100c-blocked-notes.scm:76:91: invalid character in escape sequence: #\'
error: protoc-gen-go-grpc: unbound variable
hint: Did you forget `(use-modules (gnu packages golang-web))' or `#:use-module
(gnu packages golang-web)'?

guix/gaurix/packages/queue-20260329p100daily2.scm:196:2: ps7_libusbtc08@0.9.8: name should use hyphens instead of underscores
guix lint: warning: failed to load '(guix import nuget)':
no code for module (semver)
Backtrace:
In ice-9/boot-9.scm:
  1752:10 18 (with-exception-handler _ _ #:unwind? _ # _)
In unknown file:
          17 (apply-smob/0 #<thunk 7ff831fcb2a0>)
In ice-9/boot-9.scm:
    724:2 16 (call-with-prompt _ _ #<procedure default-prompt-handle…>)
In ice-9/eval.scm:
    619:8 15 (_ #(#(#<directory (guile-user) 7ff831fd0c80>)))
In guix/ui.scm:
   2399:7 14 (run-guix . _)
  2362:10 13 (run-guix-command _ . _)
In ice-9/boot-9.scm:
  1752:10 12 (with-exception-handler _ _ #:unwind? _ # _)
  1752:10 11 (with-exception-handler _ _ #:unwind? _ # _)
In guix/store.scm:
   690:37 10 (thunk)
In srfi/srfi-1.scm:
    634:9  9 (for-each #<procedure 7ff817e862c0 at guix/scripts/lin…> …)
In guix/scripts/lint.scm:
     65:4  8 (run-checkers _ _ #:store _)
In srfi/srfi-1.scm:
    634:9  7 (for-each #<procedure 7ff814d9d5d0 at guix/scripts/lin…> …)
In guix/scripts/lint.scm:
    74:21  6 (_ _)
In guix/lint.scm:
   1717:5  5 (check-for-updates #<package ps7_libusbtc08@0.9.8 guix/…>)
    943:2  4 (call-with-networking-fail-safe _ _ _)
In ice-9/boot-9.scm:
  1752:10  3 (with-exception-handler _ _ #:unwind? _ # _)
  1685:16  2 (raise-exception _ #:continuable? _)
  1683:16  1 (raise-exception _ #:continuable? _)
  1685:16  0 (raise-exception _ #:continuable? _)

ice-9/boot-9.scm:1685:16: In procedure raise-exception:
Module named (semver ranges) does not exist
LINT_FAIL ps7_libusbtc08

=== ps7_libps6000a ===
error: specification->package: unbound variable
hint: Did you forget `(use-modules (gnu packages))' or `#:use-module (gnu
packages)'?

error: specification->package: unbound variable
hint: Did you forget `(use-modules (gnu packages))' or `#:use-module (gnu
packages)'?

error: specification->package: unbound variable
hint: Did you forget `(use-modules (gnu packages))' or `#:use-module (gnu
packages)'?

guix lint: warning: failed to load '(gaurix packages queue-20260323p100c-blocked-notes)':
guix/gaurix/packages/queue-20260323p100c-blocked-notes.scm:76:91: invalid character in escape sequence: #\'
error: protoc-gen-go-grpc: unbound variable
hint: Did you forget `(use-modules (gnu packages golang-web))' or `#:use-module
(gnu packages golang-web)'?

guix/gaurix/packages/queue-20260329p100daily2.scm:202:2: ps7_libps6000a@0.9.8: name should use hyphens instead of underscores
guix lint: warning: failed to load '(guix import nuget)':
no code for module (semver)
Backtrace:
In ice-9/boot-9.scm:
  1752:10 18 (with-exception-handler _ _ #:unwind? _ # _)
In unknown file:
          17 (apply-smob/0 #<thunk 7fe8a50ed2a0>)
In ice-9/boot-9.scm:
    724:2 16 (call-with-prompt _ _ #<procedure default-prompt-handle…>)
In ice-9/eval.scm:
    619:8 15 (_ #(#(#<directory (guile-user) 7fe8a50f2c80>)))
In guix/ui.scm:
   2399:7 14 (run-guix . _)
  2362:10 13 (run-guix-command _ . _)
In ice-9/boot-9.scm:
  1752:10 12 (with-exception-handler _ _ #:unwind? _ # _)
  1752:10 11 (with-exception-handler _ _ #:unwind? _ # _)
In guix/store.scm:
   690:37 10 (thunk)
In srfi/srfi-1.scm:
    634:9  9 (for-each #<procedure 7fe88add24c0 at guix/scripts/lin…> …)
In guix/scripts/lint.scm:
     65:4  8 (run-checkers _ _ #:store _)
In srfi/srfi-1.scm:
    634:9  7 (for-each #<procedure 7fe8874de5d0 at guix/scripts/lin…> …)
In guix/scripts/lint.scm:
    74:21  6 (_ _)
In guix/lint.scm:
   1717:5  5 (check-for-updates #<package ps7_libps6000a@0.9.8 guix/…>)
    943:2  4 (call-with-networking-fail-safe _ _ _)
In ice-9/boot-9.scm:
  1752:10  3 (with-exception-handler _ _ #:unwind? _ # _)
  1685:16  2 (raise-exception _ #:continuable? _)
  1683:16  1 (raise-exception _ #:continuable? _)
  1685:16  0 (raise-exception _ #:continuable? _)

ice-9/boot-9.scm:1685:16: In procedure raise-exception:
Module named (semver ranges) does not exist
LINT_FAIL ps7_libps6000a

=== ps7_libpicoipp ===
error: specification->package: unbound variable
hint: Did you forget `(use-modules (gnu packages))' or `#:use-module (gnu
packages)'?

error: specification->package: unbound variable
hint: Did you forget `(use-modules (gnu packages))' or `#:use-module (gnu
packages)'?

error: specification->package: unbound variable
hint: Did you forget `(use-modules (gnu packages))' or `#:use-module (gnu
packages)'?

guix lint: warning: failed to load '(gaurix packages queue-20260323p100c-blocked-notes)':
guix/gaurix/packages/queue-20260323p100c-blocked-notes.scm:76:91: invalid character in escape sequence: #\'
error: protoc-gen-go-grpc: unbound variable
hint: Did you forget `(use-modules (gnu packages golang-web))' or `#:use-module
(gnu packages golang-web)'?

guix/gaurix/packages/queue-20260329p100daily2.scm:208:2: ps7_libpicoipp@0.9.8: name should use hyphens instead of underscores
guix lint: warning: failed to load '(guix import nuget)':
no code for module (semver)
Backtrace:
In ice-9/boot-9.scm:
  1752:10 18 (with-exception-handler _ _ #:unwind? _ # _)
In unknown file:
          17 (apply-smob/0 #<thunk 7f746de472a0>)
In ice-9/boot-9.scm:
    724:2 16 (call-with-prompt _ _ #<procedure default-prompt-handle…>)
In ice-9/eval.scm:
    619:8 15 (_ #(#(#<directory (guile-user) 7f746de4cc80>)))
In guix/ui.scm:
   2399:7 14 (run-guix . _)
  2362:10 13 (run-guix-command _ . _)
In ice-9/boot-9.scm:
  1752:10 12 (with-exception-handler _ _ #:unwind? _ # _)
  1752:10 11 (with-exception-handler _ _ #:unwind? _ # _)
In guix/store.scm:
   690:37 10 (thunk)
In srfi/srfi-1.scm:
    634:9  9 (for-each #<procedure 7f7453f9a760 at guix/scripts/lin…> …)
In guix/scripts/lint.scm:
     65:4  8 (run-checkers _ _ #:store _)
In srfi/srfi-1.scm:
    634:9  7 (for-each #<procedure 7f74537b6540 at guix/scripts/lin…> …)
In guix/scripts/lint.scm:
    74:21  6 (_ _)
In guix/lint.scm:
   1717:5  5 (check-for-updates #<package ps7_libpicoipp@0.9.8 guix/…>)
    943:2  4 (call-with-networking-fail-safe _ _ _)
In ice-9/boot-9.scm:
  1752:10  3 (with-exception-handler _ _ #:unwind? _ # _)
  1685:16  2 (raise-exception _ #:continuable? _)
  1683:16  1 (raise-exception _ #:continuable? _)
  1685:16  0 (raise-exception _ #:continuable? _)

ice-9/boot-9.scm:1685:16: In procedure raise-exception:
Module named (semver ranges) does not exist
LINT_FAIL ps7_libpicoipp

=== anime-games-launcher-bin ===
error: specification->package: unbound variable
hint: Did you forget `(use-modules (gnu packages))' or `#:use-module (gnu
packages)'?

error: specification->package: unbound variable
hint: Did you forget `(use-modules (gnu packages))' or `#:use-module (gnu
packages)'?

error: specification->package: unbound variable
hint: Did you forget `(use-modules (gnu packages))' or `#:use-module (gnu
packages)'?

guix lint: warning: failed to load '(gaurix packages queue-20260323p100c-blocked-notes)':
guix/gaurix/packages/queue-20260323p100c-blocked-notes.scm:76:91: invalid character in escape sequence: #\'
error: protoc-gen-go-grpc: unbound variable
hint: Did you forget `(use-modules (gnu packages golang-web))' or `#:use-module
(gnu packages golang-web)'?

guix lint: warning: failed to load '(guix import nuget)':
no code for module (semver)
Backtrace:
In ice-9/boot-9.scm:
  1752:10 18 (with-exception-handler _ _ #:unwind? _ # _)
In unknown file:
          17 (apply-smob/0 #<thunk 7f5c203922a0>)
In ice-9/boot-9.scm:
    724:2 16 (call-with-prompt _ _ #<procedure default-prompt-handle…>)
In ice-9/eval.scm:
    619:8 15 (_ #(#(#<directory (guile-user) 7f5c20397c80>)))
In guix/ui.scm:
   2399:7 14 (run-guix . _)
  2362:10 13 (run-guix-command _ . _)
In ice-9/boot-9.scm:
  1752:10 12 (with-exception-handler _ _ #:unwind? _ # _)
  1752:10 11 (with-exception-handler _ _ #:unwind? _ # _)
In guix/store.scm:
   690:37 10 (thunk)
In srfi/srfi-1.scm:
    634:9  9 (for-each #<procedure 7f5c062d1460 at guix/scripts/lin…> …)
In guix/scripts/lint.scm:
     65:4  8 (run-checkers _ _ #:store _)
In srfi/srfi-1.scm:
    634:9  7 (for-each #<procedure 7f5c03193a80 at guix/scripts/lin…> …)
In guix/scripts/lint.scm:
    74:21  6 (_ _)
In guix/lint.scm:
   1717:5  5 (check-for-updates #<package anime-games-launcher-bin@0…>)
    943:2  4 (call-with-networking-fail-safe _ _ _)
In ice-9/boot-9.scm:
  1752:10  3 (with-exception-handler _ _ #:unwind? _ # _)
  1685:16  2 (raise-exception _ #:continuable? _)
  1683:16  1 (raise-exception _ #:continuable? _)
  1685:16  0 (raise-exception _ #:continuable? _)

ice-9/boot-9.scm:1685:16: In procedure raise-exception:
Module named (semver ranges) does not exist
LINT_FAIL anime-games-launcher-bin

=== tqftpserv-git ===
error: specification->package: unbound variable
hint: Did you forget `(use-modules (gnu packages))' or `#:use-module (gnu
packages)'?

error: specification->package: unbound variable
hint: Did you forget `(use-modules (gnu packages))' or `#:use-module (gnu
packages)'?

error: specification->package: unbound variable
hint: Did you forget `(use-modules (gnu packages))' or `#:use-module (gnu
packages)'?

guix lint: warning: failed to load '(gaurix packages queue-20260323p100c-blocked-notes)':
guix/gaurix/packages/queue-20260323p100c-blocked-notes.scm:76:91: invalid character in escape sequence: #\'
error: protoc-gen-go-grpc: unbound variable
hint: Did you forget `(use-modules (gnu packages golang-web))' or `#:use-module
(gnu packages golang-web)'?

guix lint: warning: failed to load '(guix import nuget)':
no code for module (semver)
Backtrace:
In ice-9/boot-9.scm:
  1752:10 18 (with-exception-handler _ _ #:unwind? _ # _)
In unknown file:
          17 (apply-smob/0 #<thunk 7f6ef5f4f2a0>)
In ice-9/boot-9.scm:
    724:2 16 (call-with-prompt _ _ #<procedure default-prompt-handle…>)
In ice-9/eval.scm:
    619:8 15 (_ #(#(#<directory (guile-user) 7f6ef5f54c80>)))
In guix/ui.scm:
   2399:7 14 (run-guix . _)
  2362:10 13 (run-guix-command _ . _)
In ice-9/boot-9.scm:
  1752:10 12 (with-exception-handler _ _ #:unwind? _ # _)
  1752:10 11 (with-exception-handler _ _ #:unwind? _ # _)
In guix/store.scm:
   690:37 10 (thunk)
In srfi/srfi-1.scm:
    634:9  9 (for-each #<procedure 7f6edbf020c0 at guix/scripts/lin…> …)
In guix/scripts/lint.scm:
     65:4  8 (run-checkers _ _ #:store _)
In srfi/srfi-1.scm:
    634:9  7 (for-each #<procedure 7f6ed8a6c990 at guix/scripts/lin…> …)
In guix/scripts/lint.scm:
    74:21  6 (_ _)
In guix/lint.scm:
   1717:5  5 (check-for-updates #<package tqftpserv-git@0.9.8 guix/g…>)
    943:2  4 (call-with-networking-fail-safe _ _ _)
In ice-9/boot-9.scm:
  1752:10  3 (with-exception-handler _ _ #:unwind? _ # _)
  1685:16  2 (raise-exception _ #:continuable? _)
  1683:16  1 (raise-exception _ #:continuable? _)
  1685:16  0 (raise-exception _ #:continuable? _)

ice-9/boot-9.scm:1685:16: In procedure raise-exception:
Module named (semver ranges) does not exist
LINT_FAIL tqftpserv-git

=== dare-devil ===
error: specification->package: unbound variable
hint: Did you forget `(use-modules (gnu packages))' or `#:use-module (gnu
packages)'?

error: specification->package: unbound variable
hint: Did you forget `(use-modules (gnu packages))' or `#:use-module (gnu
packages)'?

error: specification->package: unbound variable
hint: Did you forget `(use-modules (gnu packages))' or `#:use-module (gnu
packages)'?

guix lint: warning: failed to load '(gaurix packages queue-20260323p100c-blocked-notes)':
guix/gaurix/packages/queue-20260323p100c-blocked-notes.scm:76:91: invalid character in escape sequence: #\'
error: protoc-gen-go-grpc: unbound variable
hint: Did you forget `(use-modules (gnu packages golang-web))' or `#:use-module
(gnu packages golang-web)'?

guix lint: warning: failed to load '(guix import nuget)':
no code for module (semver)
Backtrace:
In ice-9/boot-9.scm:
  1752:10 18 (with-exception-handler _ _ #:unwind? _ # _)
In unknown file:
          17 (apply-smob/0 #<thunk 7f20223b92a0>)
In ice-9/boot-9.scm:
    724:2 16 (call-with-prompt _ _ #<procedure default-prompt-handle…>)
In ice-9/eval.scm:
    619:8 15 (_ #(#(#<directory (guile-user) 7f20223bec80>)))
In guix/ui.scm:
   2399:7 14 (run-guix . _)
  2362:10 13 (run-guix-command _ . _)
In ice-9/boot-9.scm:
  1752:10 12 (with-exception-handler _ _ #:unwind? _ # _)
  1752:10 11 (with-exception-handler _ _ #:unwind? _ # _)
In guix/store.scm:
   690:37 10 (thunk)
In srfi/srfi-1.scm:
    634:9  9 (for-each #<procedure 7f20082ae400 at guix/scripts/lin…> …)
In guix/scripts/lint.scm:
     65:4  8 (run-checkers _ _ #:store _)
In srfi/srfi-1.scm:
    634:9  7 (for-each #<procedure 7f20095e1000 at guix/scripts/lin…> …)
In guix/scripts/lint.scm:
    74:21  6 (_ _)
In guix/lint.scm:
   1717:5  5 (check-for-updates #<package dare-devil@0.9.8 guix/gaur…>)
    943:2  4 (call-with-networking-fail-safe _ _ _)
In ice-9/boot-9.scm:
  1752:10  3 (with-exception-handler _ _ #:unwind? _ # _)
  1685:16  2 (raise-exception _ #:continuable? _)
  1683:16  1 (raise-exception _ #:continuable? _)
  1685:16  0 (raise-exception _ #:continuable? _)

ice-9/boot-9.scm:1685:16: In procedure raise-exception:
Module named (semver ranges) does not exist
LINT_FAIL dare-devil

=== project-monalisa-git ===
error: specification->package: unbound variable
hint: Did you forget `(use-modules (gnu packages))' or `#:use-module (gnu
packages)'?

error: specification->package: unbound variable
hint: Did you forget `(use-modules (gnu packages))' or `#:use-module (gnu
packages)'?

error: specification->package: unbound variable
hint: Did you forget `(use-modules (gnu packages))' or `#:use-module (gnu
packages)'?

guix lint: warning: failed to load '(gaurix packages queue-20260323p100c-blocked-notes)':
guix/gaurix/packages/queue-20260323p100c-blocked-notes.scm:76:91: invalid character in escape sequence: #\'
error: protoc-gen-go-grpc: unbound variable
hint: Did you forget `(use-modules (gnu packages golang-web))' or `#:use-module
(gnu packages golang-web)'?

guix lint: warning: failed to load '(guix import nuget)':
no code for module (semver)
Backtrace:
In ice-9/boot-9.scm:
  1752:10 18 (with-exception-handler _ _ #:unwind? _ # _)
In unknown file:
          17 (apply-smob/0 #<thunk 7f314fcda2a0>)
In ice-9/boot-9.scm:
    724:2 16 (call-with-prompt _ _ #<procedure default-prompt-handle…>)
In ice-9/eval.scm:
    619:8 15 (_ #(#(#<directory (guile-user) 7f314fcdfc80>)))
In guix/ui.scm:
   2399:7 14 (run-guix . _)
  2362:10 13 (run-guix-command _ . _)
In ice-9/boot-9.scm:
  1752:10 12 (with-exception-handler _ _ #:unwind? _ # _)
  1752:10 11 (with-exception-handler _ _ #:unwind? _ # _)
In guix/store.scm:
   690:37 10 (thunk)
In srfi/srfi-1.scm:
    634:9  9 (for-each #<procedure 7f31359e9360 at guix/scripts/lin…> …)
In guix/scripts/lint.scm:
     65:4  8 (run-checkers _ _ #:store _)
In srfi/srfi-1.scm:
    634:9  7 (for-each #<procedure 7f3132c439c0 at guix/scripts/lin…> …)
In guix/scripts/lint.scm:
    74:21  6 (_ _)
In guix/lint.scm:
   1717:5  5 (check-for-updates #<package project-monalisa-git@0.9.8…>)
    943:2  4 (call-with-networking-fail-safe _ _ _)
In ice-9/boot-9.scm:
  1752:10  3 (with-exception-handler _ _ #:unwind? _ # _)
  1685:16  2 (raise-exception _ #:continuable? _)
  1683:16  1 (raise-exception _ #:continuable? _)
  1685:16  0 (raise-exception _ #:continuable? _)

ice-9/boot-9.scm:1685:16: In procedure raise-exception:
Module named (semver ranges) does not exist
