== python-clox ==
error: specification->package: unbound variable
hint: Did you forget `(use-modules (gnu packages))' or `#:use-module (gnu
packages)'?

error: specification->package: unbound variable
hint: Did you forget `(use-modules (gnu packages))' or `#:use-module (gnu
packages)'?

error: specification->package: unbound variable
hint: Did you forget `(use-modules (gnu packages))' or `#:use-module (gnu
packages)'?

guix build: warning: failed to load '(gaurix packages queue-20260323p100c-blocked-notes)':
guix/gaurix/packages/queue-20260323p100c-blocked-notes.scm:76:91: invalid character in escape sequence: #\'
error: specification->package: unbound variable
hint: Did you forget `(use-modules (gnu packages))' or `#:use-module (gnu
packages)'?

error: specification->package: unbound variable
hint: Did you forget `(use-modules (gnu packages))' or `#:use-module (gnu
packages)'?

guix build: warning: source expression failed to match any pattern
error: specification->package: unbound variable
hint: Did you forget `(use-modules (gnu packages))' or `#:use-module (gnu
packages)'?

error: specification->package: unbound variable
hint: Did you forget `(use-modules (gnu packages))' or `#:use-module (gnu
packages)'?

guix build: warning: source expression failed to match any pattern
guix build: warning: source expression failed to match any pattern
guix build: warning: source expression failed to match any pattern
guix build: error: godots: unknown package
guix build: warning: failed to load '(gaurix packages queue-20260330p100daily5)':
guix build: warning: failed to load '(gaurix packages queue-20260322p100)':
Wrong number of arguments to #<procedure display-error (_ _ _ _ _ _)>
error: protoc-gen-go-grpc: unbound variable
hint: Did you forget `(use-modules (gnu packages golang-web))' or `#:use-module
(gnu packages golang-web)'?

guix build: warning: ambiguous package specification `python-clox'
guix build: warning: choosing python-clox@0.9.8 from guix/gaurix/packages/queue-20260401p100daily2.scm:118:2
substitute: substitute: [Klooking for substitutes on 'https://bordeaux.guix.gnu.org'...   0.0%substitute: [Klooking for substitutes on 'https://bordeaux.guix.gnu.org'... 100.0%
substitute: substitute: [Klooking for substitutes on 'https://ci.guix.gnu.org'...   0.0%substitute: [Klooking for substitutes on 'https://ci.guix.gnu.org'... 100.0%
The following derivation would be built:
  /gnu/store/2bmf903i205lalkqi65y6fvd6zxg1sp8-python-clox-0.9.8.drv
== fcitx5-pinyin-starrail ==
error: specification->package: unbound variable
hint: Did you forget `(use-modules (gnu packages))' or `#:use-module (gnu
packages)'?

error: specification->package: unbound variable
hint: Did you forget `(use-modules (gnu packages))' or `#:use-module (gnu
packages)'?

error: specification->package: unbound variable
hint: Did you forget `(use-modules (gnu packages))' or `#:use-module (gnu
packages)'?

guix build: warning: failed to load '(gaurix packages queue-20260323p100c-blocked-notes)':
guix/gaurix/packages/queue-20260323p100c-blocked-notes.scm:76:91: invalid character in escape sequence: #\'
error: specification->package: unbound variable
hint: Did you forget `(use-modules (gnu packages))' or `#:use-module (gnu
packages)'?

error: specification->package: unbound variable
hint: Did you forget `(use-modules (gnu packages))' or `#:use-module (gnu
packages)'?

guix build: warning: source expression failed to match any pattern
error: specification->package: unbound variable
hint: Did you forget `(use-modules (gnu packages))' or `#:use-module (gnu
packages)'?

error: specification->package: unbound variable
hint: Did you forget `(use-modules (gnu packages))' or `#:use-module (gnu
packages)'?

guix build: warning: source expression failed to match any pattern
guix build: warning: source expression failed to match any pattern
guix build: warning: source expression failed to match any pattern
guix build: error: godots: unknown package
guix build: warning: failed to load '(gaurix packages queue-20260330p100daily5)':
guix build: warning: failed to load '(gaurix packages queue-20260322p100)':
Wrong number of arguments to #<procedure display-error (_ _ _ _ _ _)>
error: protoc-gen-go-grpc: unbound variable
hint: Did you forget `(use-modules (gnu packages golang-web))' or `#:use-module
(gnu packages golang-web)'?

guix build: warning: ambiguous package specification `fcitx5-pinyin-starrail'
guix build: warning: choosing fcitx5-pinyin-starrail@0.9.8 from guix/gaurix/packages/queue-20260401p100daily2.scm:124:2
substitute: substitute: [Klooking for substitutes on 'https://bordeaux.guix.gnu.org'...   0.0%substitute: [Klooking for substitutes on 'https://bordeaux.guix.gnu.org'... 100.0%
substitute: substitute: [Klooking for substitutes on 'https://ci.guix.gnu.org'...   0.0%substitute: [Klooking for substitutes on 'https://ci.guix.gnu.org'... 100.0%
The following derivation would be built:
  /gnu/store/ncx8bhy1y1bal454k65gincwi59c994n-fcitx5-pinyin-starrail-0.9.8.drv
== teleport-client-bin ==
error: specification->package: unbound variable
hint: Did you forget `(use-modules (gnu packages))' or `#:use-module (gnu
packages)'?

error: specification->package: unbound variable
hint: Did you forget `(use-modules (gnu packages))' or `#:use-module (gnu
packages)'?

error: specification->package: unbound variable
hint: Did you forget `(use-modules (gnu packages))' or `#:use-module (gnu
packages)'?

guix build: warning: failed to load '(gaurix packages queue-20260323p100c-blocked-notes)':
guix/gaurix/packages/queue-20260323p100c-blocked-notes.scm:76:91: invalid character in escape sequence: #\'
error: specification->package: unbound variable
hint: Did you forget `(use-modules (gnu packages))' or `#:use-module (gnu
packages)'?

error: specification->package: unbound variable
hint: Did you forget `(use-modules (gnu packages))' or `#:use-module (gnu
packages)'?

guix build: warning: source expression failed to match any pattern
error: specification->package: unbound variable
hint: Did you forget `(use-modules (gnu packages))' or `#:use-module (gnu
packages)'?

error: specification->package: unbound variable
hint: Did you forget `(use-modules (gnu packages))' or `#:use-module (gnu
packages)'?

guix build: warning: source expression failed to match any pattern
guix build: warning: source expression failed to match any pattern
guix build: warning: source expression failed to match any pattern
guix build: error: godots: unknown package
guix build: warning: failed to load '(gaurix packages queue-20260330p100daily5)':
guix build: warning: failed to load '(gaurix packages queue-20260322p100)':
Wrong number of arguments to #<procedure display-error (_ _ _ _ _ _)>
error: protoc-gen-go-grpc: unbound variable
hint: Did you forget `(use-modules (gnu packages golang-web))' or `#:use-module
(gnu packages golang-web)'?

guix build: warning: ambiguous package specification `teleport-client-bin'
guix build: warning: choosing teleport-client-bin@0.9.8 from guix/gaurix/packages/queue-20260401p100daily2.scm:130:2
substitute: substitute: [Klooking for substitutes on 'https://bordeaux.guix.gnu.org'...   0.0%substitute: [Klooking for substitutes on 'https://bordeaux.guix.gnu.org'... 100.0%
substitute: substitute: [Klooking for substitutes on 'https://ci.guix.gnu.org'...   0.0%substitute: [Klooking for substitutes on 'https://ci.guix.gnu.org'... 100.0%
The following derivation would be built:
  /gnu/store/c00pj2cfk0i9zd9a6q46fmfc6m8ji1d4-teleport-client-bin-0.9.8.drv
== fcitx5-meta ==
error: specification->package: unbound variable
hint: Did you forget `(use-modules (gnu packages))' or `#:use-module (gnu
packages)'?

error: specification->package: unbound variable
hint: Did you forget `(use-modules (gnu packages))' or `#:use-module (gnu
packages)'?

error: specification->package: unbound variable
hint: Did you forget `(use-modules (gnu packages))' or `#:use-module (gnu
packages)'?

guix build: warning: failed to load '(gaurix packages queue-20260323p100c-blocked-notes)':
guix/gaurix/packages/queue-20260323p100c-blocked-notes.scm:76:91: invalid character in escape sequence: #\'
error: specification->package: unbound variable
hint: Did you forget `(use-modules (gnu packages))' or `#:use-module (gnu
packages)'?

error: specification->package: unbound variable
hint: Did you forget `(use-modules (gnu packages))' or `#:use-module (gnu
packages)'?

guix build: warning: source expression failed to match any pattern
error: specification->package: unbound variable
hint: Did you forget `(use-modules (gnu packages))' or `#:use-module (gnu
packages)'?

error: specification->package: unbound variable
hint: Did you forget `(use-modules (gnu packages))' or `#:use-module (gnu
packages)'?

guix build: warning: source expression failed to match any pattern
guix build: warning: source expression failed to match any pattern
guix build: warning: source expression failed to match any pattern
guix build: error: godots: unknown package
guix build: warning: failed to load '(gaurix packages queue-20260330p100daily5)':
guix build: warning: failed to load '(gaurix packages queue-20260322p100)':
Wrong number of arguments to #<procedure display-error (_ _ _ _ _ _)>
error: protoc-gen-go-grpc: unbound variable
hint: Did you forget `(use-modules (gnu packages golang-web))' or `#:use-module
(gnu packages golang-web)'?

guix build: warning: ambiguous package specification `fcitx5-meta'
guix build: warning: choosing fcitx5-meta@0.9.8 from guix/gaurix/packages/queue-20260401p100daily2.scm:136:2
substitute: substitute: [Klooking for substitutes on 'https://bordeaux.guix.gnu.org'...   0.0%substitute: [Klooking for substitutes on 'https://bordeaux.guix.gnu.org'... 100.0%
substitute: substitute: [Klooking for substitutes on 'https://ci.guix.gnu.org'...   0.0%substitute: [Klooking for substitutes on 'https://ci.guix.gnu.org'... 100.0%
The following derivation would be built:
  /gnu/store/yvnnc4lq4a7lq08r4adggyw91xla8yfb-fcitx5-meta-0.9.8.drv
== python-pdf2doi ==
error: specification->package: unbound variable
hint: Did you forget `(use-modules (gnu packages))' or `#:use-module (gnu
packages)'?

error: specification->package: unbound variable
hint: Did you forget `(use-modules (gnu packages))' or `#:use-module (gnu
packages)'?

error: specification->package: unbound variable
hint: Did you forget `(use-modules (gnu packages))' or `#:use-module (gnu
packages)'?

guix build: warning: failed to load '(gaurix packages queue-20260323p100c-blocked-notes)':
guix/gaurix/packages/queue-20260323p100c-blocked-notes.scm:76:91: invalid character in escape sequence: #\'
error: specification->package: unbound variable
hint: Did you forget `(use-modules (gnu packages))' or `#:use-module (gnu
packages)'?

error: specification->package: unbound variable
hint: Did you forget `(use-modules (gnu packages))' or `#:use-module (gnu
packages)'?

guix build: warning: source expression failed to match any pattern
error: specification->package: unbound variable
hint: Did you forget `(use-modules (gnu packages))' or `#:use-module (gnu
packages)'?

error: specification->package: unbound variable
hint: Did you forget `(use-modules (gnu packages))' or `#:use-module (gnu
packages)'?

guix build: warning: source expression failed to match any pattern
guix build: warning: source expression failed to match any pattern
guix build: warning: source expression failed to match any pattern
guix build: error: godots: unknown package
guix build: warning: failed to load '(gaurix packages queue-20260330p100daily5)':
guix build: warning: failed to load '(gaurix packages queue-20260322p100)':
Wrong number of arguments to #<procedure display-error (_ _ _ _ _ _)>
error: protoc-gen-go-grpc: unbound variable
hint: Did you forget `(use-modules (gnu packages golang-web))' or `#:use-module
(gnu packages golang-web)'?

guix build: warning: ambiguous package specification `python-pdf2doi'
guix build: warning: choosing python-pdf2doi@0.9.8 from guix/gaurix/packages/queue-20260401p100daily2.scm:142:2
substitute: substitute: [Klooking for substitutes on 'https://bordeaux.guix.gnu.org'...   0.0%substitute: [Klooking for substitutes on 'https://bordeaux.guix.gnu.org'... 100.0%
substitute: substitute: [Klooking for substitutes on 'https://ci.guix.gnu.org'...   0.0%substitute: [Klooking for substitutes on 'https://ci.guix.gnu.org'... 100.0%
The following derivation would be built:
  /gnu/store/y9qf4dfxyzzhfdwvpf0imw2sxpjqkgp3-python-pdf2doi-0.9.8.drv
