btrfs-desktop-notification-git	OK	rc=0	  /gnu/store/xiqhy9nwppvl45mmc877pkbfz6k16b5b-btrfs-desktop-notification-git-0.9.8.drv
autofirma	OK	rc=0	  /gnu/store/a34hrkxgcpxh6g6v346fc800qv8718yr-autofirma-0.9.8.drv
gpgfrontend	OK	rc=0	  /gnu/store/13gr73xb8aqpr8qr75h27zd2fclmz1ll-gpgfrontend-0.9.8.drv
playtorrio-bin	OK	rc=0	  /gnu/store/nxdj6icfg635gjg65jz7cr5bwi71mn8x-playtorrio-bin-0.9.8.drv
wine-gaming-dependencies	OK	rc=0	  /gnu/store/1czamgvs21djnlfxm9s39jbirzrd1ccp-wine-gaming-dependencies-0.9.8.drv
libfprint-cs9711-git	OK	rc=0	  /gnu/store/c1bszg3i4592aqrhzyxjhlhiq9wygp5a-libfprint-cs9711-git-0.9.8.drv
waydroid-image-gapps	OK	rc=0	  /gnu/store/f0m0sbarxd4203ipa8jzqsfcimj340jc-waydroid-image-gapps-0.9.8.drv
linux-enable-ir-emitter	OK	rc=0	  /gnu/store/bmhcwchgx63fghf4zs8z97w66008c9dv-linux-enable-ir-emitter-0.9.8.drv
plymouth-theme-mikuboot-git	OK	rc=0	  /gnu/store/gm2wnqxbbkscj4hj1nkhzh3qzcmpcn3j-plymouth-theme-mikuboot-git-0.9.8.drv
aura	OK	rc=0	  /gnu/store/dxn6w2j4kws9lhfhk5gfxgzxmqdc7rhs-aura-0.9.8.drv
libre-trainsim-bin	OK	rc=0	  /gnu/store/q7hkvz4sjf6svgib9vv3dydgqkl9k175-libre-trainsim-bin-0.9.8.drv
netpad-vnext-bin	OK	rc=0	  /gnu/store/qnsjngckf90wzk63wmifgrl11iw7wxiw-netpad-vnext-bin-0.9.8.drv
smpeg0	OK	rc=0	  /gnu/store/7z3341s7ls00w92dradb34y97rk2n9k7-smpeg0-0.9.8.drv
graphite-cursor-theme-git	OK	rc=0	  /gnu/store/46mx8p11phca0rgnswkaz6w288zmxv43-graphite-cursor-theme-git-0.9.8.drv
python-aioice	OK	rc=0	  /gnu/store/1jlj9l5awqx5kdwsw89qmyysxayr78ks-python-aioice-0.9.8.drv
scolorpicker-legacy	OK	rc=0	  /gnu/store/vwlrpz6yxjwkxyyvyf51cx4iq49m9xdn-scolorpicker-legacy-0.9.8.drv
ttf-symbola	OK	rc=0	  /gnu/store/3795kj9mzvcw88djksrphs5dm27hq9nh-ttf-symbola-0.9.8.drv
otf-symbola	OK	rc=0	The following derivation would be built: |   /gnu/store/yrjnlnrl8r1gamqzmql1smp4knnxy4zw-otf-symbola-0.9.8.drv
ttf-heuristica	OK	rc=0	The following derivation would be built: |   /gnu/store/w42ph255lspwcq64jsp35bzziqlkp94r-ttf-heuristica-0.9.8.drv
logviewer-bin	OK	rc=0	The following derivation would be built: |   /gnu/store/6k567zlsf6lpmjpzxpc2vxpxm72xyl0r-logviewer-bin-0.9.8.drv
wazuh-agent	OK	rc=0	The following derivation would be built: |   /gnu/store/rsrivkl71zc89g3bb31p72x421n9bv8w-wazuh-agent-0.9.8.drv
python-zxing-cpp	FAIL	rc=124	TIMEOUT 
php84-zip	OK	rc=0	The following derivation would be built: |   /gnu/store/m0wzgb9ri3ndfp7ifkg51g6wwsv32acj-php84-zip-0.9.8.drv
php84-xsl	OK	rc=0	The following derivation would be built: |   /gnu/store/y0zyx2gyvd5g07w0d95rq033x7bfwy32-php84-xsl-0.9.8.drv
php84-xmlwriter	OK	rc=0	The following derivation would be built: |   /gnu/store/xsdyxqal3nn2xg57f8awbmc0vsy7vb08-php84-xmlwriter-0.9.8.drv
php84-xmlreader	OK	rc=0	The following derivation would be built: |   /gnu/store/357rk1gaj1x86jd2p53x7053489b4ahy-php84-xmlreader-0.9.8.drv
php84-xml	OK	rc=0	The following derivation would be built: |   /gnu/store/54kh88ykppx3wx5vc571byj5mxc857sh-php84-xml-0.9.8.drv
php84-tokenizer	OK	rc=0	The following derivation would be built: |   /gnu/store/dlif50xr9pk0gcp16wi256jya80k7n4x-php84-tokenizer-0.9.8.drv
php84-tidy	OK	rc=0	The following derivation would be built: |   /gnu/store/zn3jnkarlj9yjf06xd8sjy0gh12w2imk-php84-tidy-0.9.8.drv
php84-sysvshm	OK	rc=0	The following derivation would be built: |   /gnu/store/5mfpmpr2m4xzsyc75i88bx59a4m9kc3f-php84-sysvshm-0.9.8.drv
php84-sysvsem	OK	rc=0	The following derivation would be built: |   /gnu/store/3irxwq98qdpjsjw62i14wzz8fqmzkhqv-php84-sysvsem-0.9.8.drv
php84-sysvmsg	OK	rc=0	The following derivation would be built: |   /gnu/store/6cdiyb57gnbd41qv2jkglljgb7wyhg5g-php84-sysvmsg-0.9.8.drv
php84-sqlite	OK	rc=0	The following derivation would be built: |   /gnu/store/6cdrnig756ac4ajkz21k3h0ivlp8mr79-php84-sqlite-0.9.8.drv
php84-sodium	OK	rc=0	The following derivation would be built: |   /gnu/store/iycyg54a6nzqwknmbqbvll0kf415yfi4-php84-sodium-0.9.8.drv
php84-sockets	OK	rc=0	The following derivation would be built: |   /gnu/store/kqlidr3dyjgkjkaa1fvzkqfw5brm6kw1-php84-sockets-0.9.8.drv
php84-soap	OK	rc=0	The following derivation would be built: |   /gnu/store/ck623rxj616lvkwg9v2i5sv9p7p6liv1-php84-soap-0.9.8.drv
php84-snmp	OK	rc=0	The following derivation would be built: |   /gnu/store/c5ym0h3b7wnww3ka7za3dqj70z7kv0gr-php84-snmp-0.9.8.drv
php84-simplexml	OK	rc=0	The following derivation would be built: |   /gnu/store/h0jixrrq8ng61y3rrzxai63z0w0ibsi2-php84-simplexml-0.9.8.drv
php84-shmop	OK	rc=0	The following derivation would be built: |   /gnu/store/qxb8ngh0y392gd92xprlfyg0wl105wan-php84-shmop-0.9.8.drv
php84-pspell	OK	rc=0	The following derivation would be built: |   /gnu/store/14am2dnccpfn3jndl821mh5q4fz2csf5-php84-pspell-0.9.8.drv
php84-posix	OK	rc=0	The following derivation would be built: |   /gnu/store/qvhl3cmb6pni16xs1vc8j7vankpidcxc-php84-posix-0.9.8.drv
php84-phpdbg	OK	rc=0	The following derivation would be built: |   /gnu/store/ha8sql0h3pjf4ki5pbanlb1yzdlmnmsb-php84-phpdbg-0.9.8.drv
php84-phar	FAIL	rc=124	TIMEOUT during validation window; retry guix build -L guix -n php84-phar
php84-pgsql	FAIL	rc=124	TIMEOUT during validation window; retry guix build -L guix -n php84-pgsql
php84-pecl	FAIL	rc=124	TIMEOUT during validation window; retry guix build -L guix -n php84-pecl
php84-pear	FAIL	rc=124	TIMEOUT during validation window; retry guix build -L guix -n php84-pear
php84-pdo	FAIL	rc=124	TIMEOUT during validation window; retry guix build -L guix -n php84-pdo
php84-pcntl	FAIL	rc=124	TIMEOUT during validation window; retry guix build -L guix -n php84-pcntl
php84-openssl	FAIL	rc=124	TIMEOUT during validation window; retry guix build -L guix -n php84-openssl
php84-opcache	FAIL	rc=124	TIMEOUT during validation window; retry guix build -L guix -n php84-opcache
php84-odbc	FAIL	rc=124	TIMEOUT during validation window; retry guix build -L guix -n php84-odbc
php84-mysql	FAIL	rc=124	TIMEOUT during validation window; retry guix build -L guix -n php84-mysql
php84-mbstring	FAIL	rc=124	TIMEOUT during validation window; retry guix build -L guix -n php84-mbstring
php84-litespeed	FAIL	rc=124	TIMEOUT during validation window; retry guix build -L guix -n php84-litespeed
php84-ldap	FAIL	rc=124	TIMEOUT during validation window; retry guix build -L guix -n php84-ldap
php84-intl	FAIL	rc=124	TIMEOUT during validation window; retry guix build -L guix -n php84-intl
php84-imap	FAIL	rc=124	TIMEOUT during validation window; retry guix build -L guix -n php84-imap
php84-iconv	FAIL	rc=124	TIMEOUT during validation window; retry guix build -L guix -n php84-iconv
php84-gmp	FAIL	rc=124	TIMEOUT during validation window; retry guix build -L guix -n php84-gmp
php84-gettext	FAIL	rc=124	TIMEOUT during validation window; retry guix build -L guix -n php84-gettext
php84-gd	FAIL	rc=124	TIMEOUT during validation window; retry guix build -L guix -n php84-gd
php84-ftp	FAIL	rc=124	TIMEOUT during validation window; retry guix build -L guix -n php84-ftp
php84-fpm	FAIL	rc=124	TIMEOUT during validation window; retry guix build -L guix -n php84-fpm
php84-firebird	FAIL	rc=124	TIMEOUT during validation window; retry guix build -L guix -n php84-firebird
php84-fileinfo	FAIL	rc=124	TIMEOUT during validation window; retry guix build -L guix -n php84-fileinfo
php84-ffi	FAIL	rc=124	TIMEOUT during validation window; retry guix build -L guix -n php84-ffi
php84-exif	OK	rc=0	  /gnu/store/pl31dlvhwxndfl2fn57xm6lbq1gg889d-php84-exif-0.9.8.drv
php84-enchant	OK	rc=0	  /gnu/store/n5s7g85rsrf8pif1ahrw8815zhkzi6cb-php84-enchant-0.9.8.drv
php84-embed	OK	rc=0	  /gnu/store/yga2n01w2wyimvmxqsbrxx55wp6h9xy2-php84-embed-0.9.8.drv
php84-dom	OK	rc=0	  /gnu/store/1lksc13s47s6g1is7ppp63jvf7gs4gi9-php84-dom-0.9.8.drv
php84-dblib	OK	rc=0	  /gnu/store/3v768m6l79kjnadlp4zz4bd264bsh9ly-php84-dblib-0.9.8.drv
php84-dba	OK	rc=0	  /gnu/store/7rpawhbpsf67ikph166r71w0gcgldg04-php84-dba-0.9.8.drv
php84-curl	OK	rc=0	  /gnu/store/5wv6dd12q5zpr8jv9nq4kbydc4n4ivb2-php84-curl-0.9.8.drv
php84-ctype	OK	rc=0	  /gnu/store/h6g5avnyzrwralxk8s043vafz24snnlw-php84-ctype-0.9.8.drv
php84-cli	OK	rc=0	  /gnu/store/30l03v7z31vzn6hv68g5psdp9d6lpb8l-php84-cli-0.9.8.drv
php84-cgi	OK	rc=0	  /gnu/store/z8avqm2c17h5y6z1jm0r257z2bnfmnhs-php84-cgi-0.9.8.drv
php84-calendar	OK	rc=0	  /gnu/store/g7gb1r41k8blmgh58mshr42d00pl9hvr-php84-calendar-0.9.8.drv
php84-bz2	OK	rc=0	  /gnu/store/y3fayjb8fqjn1pj4wb4d7v22dl4gsqyp-php84-bz2-0.9.8.drv
php84-bcmath	OK	rc=0	  /gnu/store/1lfb2s365pawbjxr0jwwkk43431p3lvw-php84-bcmath-0.9.8.drv
php84-apache	OK	rc=0	  /gnu/store/na5m5h5q0bbmy89qnkyv597rqp92bw8k-php84-apache-0.9.8.drv
php84	FAIL	rc=1	guix build: error: php84: unknown package
ttf-unifont	OK	rc=0	  /gnu/store/hw93l4359s1m5f6w91r4wjjz5iwzb0ys-ttf-unifont-0.9.8.drv
ttf-google-sans-code-vf	OK	rc=0	  /gnu/store/hqxyfwhclrnkfya8kg8pspkl24xvi8w9-ttf-google-sans-code-vf-0.9.8.drv
ttf-google-sans-code-nf	OK	rc=0	  /gnu/store/3z16mxb57zvy38glmyygr8nn9yx7b1hp-ttf-google-sans-code-nf-0.9.8.drv
mongodb-compass-bin	OK	rc=0	  /gnu/store/vwxjpb42vbdggs4qff2q2d910mxvhc27-mongodb-compass-bin-0.9.8.drv
vulkan-amdgpu-pro	OK	rc=0	  /gnu/store/ks955jlvw7sp0z67ghqbm098akajbiw9-vulkan-amdgpu-pro-0.9.8.drv
lib32-vulkan-amdgpu-pro	OK	rc=0	  /gnu/store/zb91b5dm9zx2aqrkiymmnis27kqf9xai-lib32-vulkan-amdgpu-pro-0.9.8.drv
lib32-amdgpu-pro-oglp	OK	rc=0	  /gnu/store/k1crc02362k7j2lgdj3vk5g81xxhq6aq-lib32-amdgpu-pro-oglp-0.9.8.drv
amf-amdgpu-pro	OK	rc=0	  /gnu/store/7iz8066s7pl7i25ln1y45mqphaciafbx-amf-amdgpu-pro-0.9.8.drv
amdgpu-pro-oglp	OK	rc=0	  /gnu/store/khnxdj04cfalvgqs9z0hk80x02fgn3hy-amdgpu-pro-oglp-0.9.8.drv
pyload-ng	OK	rc=0	  /gnu/store/hh1qakim65i7mjragqdjllyb4i05mikf-pyload-ng-0.9.8.drv
thorium-reader	OK	rc=0	  /gnu/store/9jrlw167y3m5wh7b5hvz7vqkbx8pm3k3-thorium-reader-0.9.8.drv
omnissa-horizon-usb	OK	rc=0	  /gnu/store/1rl19cj125qhjszrcgkjcyg07j1yz5fg-omnissa-horizon-usb-0.9.8.drv
omnissa-horizon-serialport-client	OK	rc=0	  /gnu/store/ygzajdvz5g0ylh492qwaxyv8xpdylp2m-omnissa-horizon-serialport-client-0.9.8.drv
omnissa-horizon-scanner-client	OK	rc=0	  /gnu/store/p488y7kmz2x8d5prr4wf0kifnahcxd3r-omnissa-horizon-scanner-client-0.9.8.drv
omnissa-horizon-html5mmr	OK	rc=0	  /gnu/store/61hbk8x4lnd2my3d19f2n16rwhmlyr4s-omnissa-horizon-html5mmr-0.9.8.drv
omnissa-horizon-file-association	OK	rc=0	  /gnu/store/yhqf6fby2jxacmx927y0mf432xgj5g4j-omnissa-horizon-file-association-0.9.8.drv
omnissa-horizon-client-next	OK	rc=0	  /gnu/store/9maxrc7x2aniisjs0nh0qpjrdzddcfwj-omnissa-horizon-client-next-0.9.8.drv
omnissa-horizon-client	FAIL	rc=1	guix build: error: omnissa-horizon-client: unknown package
ttf-ubuntu-sans-mono	OK	rc=0	  /gnu/store/vg4b4xvqa99288kl13svmhmnidfxqqpi-ttf-ubuntu-sans-mono-0.9.8.drv
