=== LINT elephant-bin ===
gaurix/packages/queue-20260402t2015z-blocked-tree-p100-w01.scm:20:2: elephant-bin@2.0.0: label 'glib' does not match package name 'glib:bin'
RESULT LINT elephant-bin OK

=== LINT html2markdown ===
RESULT LINT html2markdown OK

=== LINT openssl-1.1 ===
RESULT LINT openssl-1.1 OK

=== LINT dosh ===
RESULT LINT dosh OK

=== LINT xapp-thumbnailers-common ===
RESULT LINT xapp-thumbnailers-common OK

=== LINT httpfs2-2gbplus ===
RESULT LINT httpfs2-2gbplus OK

=== LINT python-litex ===
RESULT LINT python-litex OK

=== LINT qt5-doc ===
gaurix/packages/queue-20260402t2015z-blocked-tree-p100-w01.scm:57:2: qt5-doc@5.15.17: label 'mariadb' does not match package name 'mariadb:dev'
gaurix/packages/queue-20260402t2015z-blocked-tree-p100-w01.scm:57:2: qt5-doc@5.15.17: file names of patches should start with the package name
RESULT LINT qt5-doc OK

=== LINT bcompare ===
gaurix/packages/queue-20260402t2015z-blocked-tree-p100-w01.scm:20:2: bcompare@3.23.0: label 'gtk+' does not match package name 'gtk+:bin'
gaurix/packages/queue-20260402t2015z-blocked-tree-p100-w01.scm:20:2: bcompare@3.23.0: label 'glib' does not match package name 'glib:bin'
RESULT LINT bcompare OK

=== LINT rvgl-bin ===
RESULT LINT rvgl-bin OK

